Archive member included because of file (symbol)

/opt/esp-alt-sdk-v1.3.0-rtos.258-macos-x86_64/sdk/lib/libmain.a(xtensa_vectors.o)
                              (call_user_start)
/opt/esp-alt-sdk-v1.3.0-rtos.258-macos-x86_64/sdk/lib/libmain.a(app_main.o)
                              /opt/esp-alt-sdk-v1.3.0-rtos.258-macos-x86_64/sdk/lib/libmain.a(xtensa_vectors.o) (user_fatal_exception_handler)
/opt/esp-alt-sdk-v1.3.0-rtos.258-macos-x86_64/sdk/lib/libmain.a(ets_timer.o)
                              /opt/esp-alt-sdk-v1.3.0-rtos.258-macos-x86_64/sdk/lib/libmain.a(app_main.o) (ets_timer_init)
/opt/esp-alt-sdk-v1.3.0-rtos.258-macos-x86_64/sdk/lib/libmain.a(misc.o)
                              /opt/esp-alt-sdk-v1.3.0-rtos.258-macos-x86_64/sdk/lib/libmain.a(app_main.o) (_putc1)
/opt/esp-alt-sdk-v1.3.0-rtos.258-macos-x86_64/sdk/lib/libmain.a(printf-stdarg.o)
                              /opt/esp-alt-sdk-v1.3.0-rtos.258-macos-x86_64/sdk/lib/libmain.a(app_main.o) (printf)
/opt/esp-alt-sdk-v1.3.0-rtos.258-macos-x86_64/sdk/lib/libmain.a(spi_flash.o)
                              /opt/esp-alt-sdk-v1.3.0-rtos.258-macos-x86_64/sdk/lib/libmain.a(app_main.o) (flashchip)
/opt/esp-alt-sdk-v1.3.0-rtos.258-macos-x86_64/sdk/lib/libmain.a(uart.o)
                              /opt/esp-alt-sdk-v1.3.0-rtos.258-macos-x86_64/sdk/lib/libmain.a(app_main.o) (uart_div_modify)
/opt/esp-alt-sdk-v1.3.0-rtos.258-macos-x86_64/sdk/lib/libmain.a(user_interface.o)
                              /opt/esp-alt-sdk-v1.3.0-rtos.258-macos-x86_64/sdk/lib/libmain.a(app_main.o) (rst_if)
/opt/esp-alt-sdk-v1.3.0-rtos.258-macos-x86_64/sdk/lib/libmain.a(os_cpu_a.o)
                              /opt/esp-alt-sdk-v1.3.0-rtos.258-macos-x86_64/sdk/lib/libmain.a(xtensa_vectors.o) (_xt_int_enter)
/opt/esp-alt-sdk-v1.3.0-rtos.258-macos-x86_64/sdk/lib/libmain.a(xtensa_context.o)
                              /opt/esp-alt-sdk-v1.3.0-rtos.258-macos-x86_64/sdk/lib/libmain.a(os_cpu_a.o) (_xt_context_save)
/opt/esp-alt-sdk-v1.3.0-rtos.258-macos-x86_64/sdk/lib/libfreertos.a(heap_4.o)
                              /opt/esp-alt-sdk-v1.3.0-rtos.258-macos-x86_64/sdk/lib/libmain.a(printf-stdarg.o) (xPortWantedSizeAlign)
/opt/esp-alt-sdk-v1.3.0-rtos.258-macos-x86_64/sdk/lib/libfreertos.a(port.o)
                              /opt/esp-alt-sdk-v1.3.0-rtos.258-macos-x86_64/sdk/lib/libmain.a(ets_timer.o) (PendSV)
/opt/esp-alt-sdk-v1.3.0-rtos.258-macos-x86_64/sdk/lib/libfreertos.a(queue.o)
                              /opt/esp-alt-sdk-v1.3.0-rtos.258-macos-x86_64/sdk/lib/libmain.a(ets_timer.o) (xQueueGenericCreate)
/opt/esp-alt-sdk-v1.3.0-rtos.258-macos-x86_64/sdk/lib/libfreertos.a(tasks.o)
                              /opt/esp-alt-sdk-v1.3.0-rtos.258-macos-x86_64/sdk/lib/libmain.a(os_cpu_a.o) (pxCurrentTCB)
/opt/esp-alt-sdk-v1.3.0-rtos.258-macos-x86_64/sdk/lib/libfreertos.a(timers.o)
                              /opt/esp-alt-sdk-v1.3.0-rtos.258-macos-x86_64/sdk/lib/libfreertos.a(tasks.o) (xTimerCreateTimerTask)
/opt/esp-alt-sdk-v1.3.0-rtos.258-macos-x86_64/sdk/lib/libfreertos.a(list.o)
                              /opt/esp-alt-sdk-v1.3.0-rtos.258-macos-x86_64/sdk/lib/libfreertos.a(queue.o) (vListInitialise)
/opt/esp-alt-sdk-v1.3.0-rtos.258-macos-x86_64/sdk/lib/liblwip.a(dhcp.o)
                              /opt/esp-alt-sdk-v1.3.0-rtos.258-macos-x86_64/sdk/lib/libmain.a(user_interface.o) (dhcp_cleanup)
/opt/esp-alt-sdk-v1.3.0-rtos.258-macos-x86_64/sdk/lib/liblwip.a(dhcpserver.o)
                              /opt/esp-alt-sdk-v1.3.0-rtos.258-macos-x86_64/sdk/lib/libmain.a(user_interface.o) (dhcps_start)
/opt/esp-alt-sdk-v1.3.0-rtos.258-macos-x86_64/sdk/lib/liblwip.a(dns.o)
                              /opt/esp-alt-sdk-v1.3.0-rtos.258-macos-x86_64/sdk/lib/liblwip.a(dhcp.o) (dns_setserver)
/opt/esp-alt-sdk-v1.3.0-rtos.258-macos-x86_64/sdk/lib/liblwip.a(etharp.o)
                              /opt/esp-alt-sdk-v1.3.0-rtos.258-macos-x86_64/sdk/lib/libmain.a(user_interface.o) (ethbroadcast)
/opt/esp-alt-sdk-v1.3.0-rtos.258-macos-x86_64/sdk/lib/liblwip.a(ip4_addr.o)
                              /opt/esp-alt-sdk-v1.3.0-rtos.258-macos-x86_64/sdk/lib/liblwip.a(dhcp.o) (ip_addr_any)
/opt/esp-alt-sdk-v1.3.0-rtos.258-macos-x86_64/sdk/lib/liblwip.a(ip4.o)
                              /opt/esp-alt-sdk-v1.3.0-rtos.258-macos-x86_64/sdk/lib/liblwip.a(etharp.o) (ip_input)
/opt/esp-alt-sdk-v1.3.0-rtos.258-macos-x86_64/sdk/lib/liblwip.a(ip6.o)
                              /opt/esp-alt-sdk-v1.3.0-rtos.258-macos-x86_64/sdk/lib/liblwip.a(etharp.o) (ip6_input)
/opt/esp-alt-sdk-v1.3.0-rtos.258-macos-x86_64/sdk/lib/liblwip.a(memp.o)
                              /opt/esp-alt-sdk-v1.3.0-rtos.258-macos-x86_64/sdk/lib/liblwip.a(etharp.o) (memp_sizes)
/opt/esp-alt-sdk-v1.3.0-rtos.258-macos-x86_64/sdk/lib/liblwip.a(mld6.o)
                              /opt/esp-alt-sdk-v1.3.0-rtos.258-macos-x86_64/sdk/lib/liblwip.a(ip6.o) (mld6_lookfor_group)
[...]
Memory Configuration

Name             Origin             Length             Attributes
dport0_0_seg     0x000000003ff00000 0x0000000000000010
dram0_0_seg      0x000000003ffe8000 0x0000000000018000
iram1_0_seg      0x0000000040100000 0x0000000000009000
irom0_0_seg      0x000000004020a000 0x0000000000052000
*default*        0x0000000000000000 0xffffffffffffffff

Linker script and memory map

START GROUP
LOAD /Users/iklein/docker/sming-docker/workspace/SmingRTOS/sming/compiler/lib//libmicroc.a
LOAD /opt/esp-alt-sdk-v1.3.0-rtos.258-macos-x86_64/sdk/lib/libgcc.a
LOAD /opt/esp-alt-sdk-v1.3.0-rtos.258-macos-x86_64/xtensa-lx106-elf/bin/../lib/gcc/xtensa-lx106-elf/5.1.0/../../../../xtensa-lx106-elf/lib/libhal.a
LOAD /opt/esp-alt-sdk-v1.3.0-rtos.258-macos-x86_64/sdk/lib/libphy.a
LOAD /opt/esp-alt-sdk-v1.3.0-rtos.258-macos-x86_64/sdk/lib/libpp.a
LOAD /opt/esp-alt-sdk-v1.3.0-rtos.258-macos-x86_64/sdk/lib/libnet80211.a
LOAD /opt/esp-alt-sdk-v1.3.0-rtos.258-macos-x86_64/sdk/lib/libwpa.a
LOAD /opt/esp-alt-sdk-v1.3.0-rtos.258-macos-x86_64/sdk/lib/libcrypto.a
LOAD /opt/esp-alt-sdk-v1.3.0-rtos.258-macos-x86_64/sdk/lib/libmain.a
LOAD /opt/esp-alt-sdk-v1.3.0-rtos.258-macos-x86_64/sdk/lib/libfreertos.a
LOAD /opt/esp-alt-sdk-v1.3.0-rtos.258-macos-x86_64/sdk/lib/liblwip.a
LOAD /opt/esp-alt-sdk-v1.3.0-rtos.258-macos-x86_64/sdk/lib/libminic.a
LOAD /opt/esp-alt-sdk-v1.3.0-rtos.258-macos-x86_64/sdk/lib/libpwm.a
LOAD /Users/iklein/docker/sming-docker/workspace/SmingRTOS/sming/compiler/lib//libsming.a
LOAD out/build/app_app.a
END GROUP
                0x0000000040000000                PROVIDE (_memmap_vecbase_reset, 0x40000000)
                0x0000000000000110                _memmap_cacheattr_wb_base = 0x110
                0x0000000000000110                _memmap_cacheattr_wt_base = 0x110
                0x0000000000000220                _memmap_cacheattr_bp_base = 0x220
                0x00000000fffff00f                _memmap_cacheattr_unused_mask = 0xfffff00f
                0x000000002222211f                _memmap_cacheattr_wb_trapnull = 0x2222211f
                0x000000002222211f                _memmap_cacheattr_wba_trapnull = 0x2222211f
                0x000000002222211f                _memmap_cacheattr_wbna_trapnull = 0x2222211f
                0x000000002222211f                _memmap_cacheattr_wt_trapnull = 0x2222211f
                0x000000002222222f                _memmap_cacheattr_bp_trapnull = 0x2222222f
                0x00000000fffff11f                _memmap_cacheattr_wb_strict = 0xfffff11f
                0x00000000fffff11f                _memmap_cacheattr_wt_strict = 0xfffff11f
                0x00000000fffff22f                _memmap_cacheattr_bp_strict = 0xfffff22f
                0x0000000022222112                _memmap_cacheattr_wb_allvalid = 0x22222112
                0x0000000022222112                _memmap_cacheattr_wt_allvalid = 0x22222112
                0x0000000022222222                _memmap_cacheattr_bp_allvalid = 0x22222222
                0x000000002222211f                PROVIDE (_memmap_cacheattr_reset, _memmap_cacheattr_wb_trapnull)

.dport0.rodata  0x000000003ff00000        0x0
                0x000000003ff00000                _dport0_rodata_start = ABSOLUTE (.)
 *(.dport0.rodata)
 *(.dport.rodata)
                0x000000003ff00000                _dport0_rodata_end = ABSOLUTE (.)

.dport0.literal
                0x000000003ff00000        0x0
                0x000000003ff00000                _dport0_literal_start = ABSOLUTE (.)
 *(.dport0.literal)
 *(.dport.literal)
                0x000000003ff00000                _dport0_literal_end = ABSOLUTE (.)

.dport0.data    0x000000003ff00000        0x0
                0x000000003ff00000                _dport0_data_start = ABSOLUTE (.)
 *(.dport0.data)
 *(.dport.data)
                0x000000003ff00000                _dport0_data_end = ABSOLUTE (.)

.data           0x000000003ffe8000      0x3a0
                0x000000003ffe8000                _data_start = ABSOLUTE (.)
 *(.data)
 .data          0x000000003ffe8000        0x8 /opt/esp-alt-sdk-v1.3.0-rtos.258-macos-x86_64/sdk/lib/libmain.a(xtensa_vectors.o)
                0x000000003ffe8000                _Pri_3_HandlerAddress
                0x000000003ffe8004                _Pri_3_NMICount
 .data          0x000000003ffe8008        0x2 /opt/esp-alt-sdk-v1.3.0-rtos.258-macos-x86_64/sdk/lib/libmain.a(app_main.o)
                0x000000003ffe8009                init_hw_wdt
 *fill*         0x000000003ffe800a        0x2 
 .data          0x000000003ffe800c        0x4 /opt/esp-alt-sdk-v1.3.0-rtos.258-macos-x86_64/sdk/lib/libmain.a(misc.o)
 .data          0x000000003ffe8010       0x18 /opt/esp-alt-sdk-v1.3.0-rtos.258-macos-x86_64/sdk/lib/libmain.a(spi_flash.o)
                0x000000003ffe8010                flashchip
 .data          0x000000003ffe8028        0x3 /opt/esp-alt-sdk-v1.3.0-rtos.258-macos-x86_64/sdk/lib/libmain.a(user_interface.o)
                0x000000003ffe8028                dhcps_flag
                0x000000003ffe8029                dhcpc_flag
                0x000000003ffe802a                reconnect_internal
 *fill*         0x000000003ffe802b        0x1 
 .data          0x000000003ffe802c        0x4 /opt/esp-alt-sdk-v1.3.0-rtos.258-macos-x86_64/sdk/lib/libfreertos.a(tasks.o)
 .data          0x000000003ffe8030        0x5 /opt/esp-alt-sdk-v1.3.0-rtos.258-macos-x86_64/sdk/lib/liblwip.a(dhcpserver.o)
                0x000000003ffe8030                dhcps_lease_time
 *fill*         0x000000003ffe8035        0x3 
 .data          0x000000003ffe8038        0x8 /opt/esp-alt-sdk-v1.3.0-rtos.258-macos-x86_64/sdk/lib/liblwip.a(nd6.o)
                0x000000003ffe8038                reachable_time
                0x000000003ffe803c                retrans_timer
 .data          0x000000003ffe8040        0x8 /opt/esp-alt-sdk-v1.3.0-rtos.258-macos-x86_64/sdk/lib/liblwip.a(tcp.o)
 .data          0x000000003ffe8048        0x2 /opt/esp-alt-sdk-v1.3.0-rtos.258-macos-x86_64/sdk/lib/liblwip.a(udp.o)
 *fill*         0x000000003ffe804a        0x2 
 .data          0x000000003ffe804c        0x4 /opt/esp-alt-sdk-v1.3.0-rtos.258-macos-x86_64/sdk/lib/libminic.a(minic.o)
                0x000000003ffe804c                __ctype_ptr__
 .data          0x000000003ffe8050       0x53 /opt/esp-alt-sdk-v1.3.0-rtos.258-macos-x86_64/sdk/lib/libphy.a(phy_chip_v6.o)
                0x000000003ffe8052                tx_rf_ana_gain
                0x000000003ffe8080                rx_gain_swp
                0x000000003ffe80a0                test_rffreq_txcap
 *fill*         0x000000003ffe80a3        0x1 
 .data          0x000000003ffe80a4        0x4 /opt/esp-alt-sdk-v1.3.0-rtos.258-macos-x86_64/sdk/lib/libphy.a(phy_sleep.o)
                0x000000003ffe80a4                chip_version
 .data          0x000000003ffe80a8        0x4 /opt/esp-alt-sdk-v1.3.0-rtos.258-macos-x86_64/sdk/lib/libphy.a(phy_chip_v5_romfunc.o)
                0x000000003ffe80a8                g_phyFuns
 *fill*         0x000000003ffe80ac        0x4 
 .data          0x000000003ffe80b0        0x7 /opt/esp-alt-sdk-v1.3.0-rtos.258-macos-x86_64/sdk/lib/libphy.a(phy_chip_v5_cal_romfunc.o)
 *fill*         0x000000003ffe80b7        0x1 
 .data          0x000000003ffe80b8        0x1 /opt/esp-alt-sdk-v1.3.0-rtos.258-macos-x86_64/sdk/lib/libpp.a(pm.o)
 *fill*         0x000000003ffe80b9        0x3 
 .data          0x000000003ffe80bc        0x1 /opt/esp-alt-sdk-v1.3.0-rtos.258-macos-x86_64/sdk/lib/libpp.a(pm_for_bcn_only_mode.o)
 *fill*         0x000000003ffe80bd        0x3 
 .data          0x000000003ffe80c0       0x11 /opt/esp-alt-sdk-v1.3.0-rtos.258-macos-x86_64/sdk/lib/libpp.a(pp.o)
                0x000000003ffe80c0                NoiseTimerInterval
                0x000000003ffe80c8                sleep_start_wait_time
                0x000000003ffe80d0                CanDoFreqCal
 *fill*         0x000000003ffe80d1        0xf 
 .data          0x000000003ffe80e0       0x40 /opt/esp-alt-sdk-v1.3.0-rtos.258-macos-x86_64/sdk/lib/libpp.a(rate_control.o)
 .data          0x000000003ffe8120      0x24c /opt/esp-alt-sdk-v1.3.0-rtos.258-macos-x86_64/sdk/lib/libpp.a(trc.o)
 .data          0x000000003ffe836c        0xc /opt/esp-alt-sdk-v1.3.0-rtos.258-macos-x86_64/sdk/lib/libpp.a(wdev.o)
                0x000000003ffe8374                WDEV_INTEREST_EVENT
 .data          0x000000003ffe8378        0x1 /opt/esp-alt-sdk-v1.3.0-rtos.258-macos-x86_64/sdk/lib/libnet80211.a(ieee80211_hostap.o)
                0x000000003ffe8378                TmpSTAAPCloseAP
 *fill*         0x000000003ffe8379        0x3 
 .data          0x000000003ffe837c        0x1 /opt/esp-alt-sdk-v1.3.0-rtos.258-macos-x86_64/sdk/lib/libnet80211.a(wl_cnx.o)
 *fill*         0x000000003ffe837d        0x3 
 .data          0x000000003ffe8380       0x1c /opt/esp-alt-sdk-v1.3.0-rtos.258-macos-x86_64/sdk/lib/libnet80211.a(ieee80211_action.o)
 *(.data.*)
 .data.cbc_printchar
                0x000000003ffe839c        0x4 /Users/iklein/docker/sming-docker/workspace/SmingRTOS/sming/compiler/lib//libsming.a(m_printf.o)
                0x000000003ffe839c                cbc_printchar
 *(.gnu.linkonce.d.*)
 *(.data1)
 *(.sdata)
 *(.sdata.*)
 *(.gnu.linkonce.s.*)
 *(.sdata2)
 *(.sdata2.*)
 *(.gnu.linkonce.s2.*)
 *(.jcr)
                0x000000003ffe83a0                _data_end = ABSOLUTE (.)

.rodata         0x000000003ffe83a0     0x143c
                0x000000003ffe83a0                _rodata_start = ABSOLUTE (.)
 *(.rodata)
 .rodata        0x000000003ffe83a0       0x14 /opt/esp-alt-sdk-v1.3.0-rtos.258-macos-x86_64/sdk/lib/libfreertos.a(tasks.o)
 .rodata        0x000000003ffe83b4        0x6 /opt/esp-alt-sdk-v1.3.0-rtos.258-macos-x86_64/sdk/lib/liblwip.a(etharp.o)
                0x000000003ffe83b4                ethbroadcast
 *fill*         0x000000003ffe83ba        0x6 
 .rodata        0x000000003ffe83c0      0x101 /opt/esp-alt-sdk-v1.3.0-rtos.258-macos-x86_64/sdk/lib/libminic.a(minic.o)
                0x000000003ffe83c0                _ctype_
 *fill*         0x000000003ffe84c1        0x3 
 .rodata        0x000000003ffe84c4       0x14 out/build/app_app.a(WebsocketClient.o)
 .rodata        0x000000003ffe84d8        0x8 /opt/esp-alt-sdk-v1.3.0-rtos.258-macos-x86_64/sdk/lib/libphy.a(phy_chip_v6.o)
 .rodata        0x000000003ffe84e0       0x10 /opt/esp-alt-sdk-v1.3.0-rtos.258-macos-x86_64/sdk/lib/libphy.a(phy_chip_v5_romfunc.o)
 .rodata        0x000000003ffe84f0        0xc /opt/esp-alt-sdk-v1.3.0-rtos.258-macos-x86_64/sdk/lib/libphy.a(phy_chip_v5_ana_romfunc.o)
 .rodata        0x000000003ffe84fc        0x4 /opt/esp-alt-sdk-v1.3.0-rtos.258-macos-x86_64/sdk/lib/libpp.a(pp.o)
 .rodata        0x000000003ffe8500        0x8 /opt/esp-alt-sdk-v1.3.0-rtos.258-macos-x86_64/sdk/lib/libnet80211.a(ieee80211_hostap.o)
 .rodata        0x000000003ffe8508        0x2 /opt/esp-alt-sdk-v1.3.0-rtos.258-macos-x86_64/sdk/lib/libcrypto.a(sha1-internal.o)
 *(.rodata.*)
 *fill*         0x000000003ffe850a        0x2 
 .rodata.str1.4
                0x000000003ffe850c       0x10 /opt/esp-alt-sdk-v1.3.0-rtos.258-macos-x86_64/sdk/lib/libmain.a(app_main.o)
 .rodata.str1.4
                0x000000003ffe851c        0x8 /opt/esp-alt-sdk-v1.3.0-rtos.258-macos-x86_64/sdk/lib/libmain.a(ets_timer.o)
                                         0x10 (size before relaxing)
 .rodata.str1.4
                0x000000003ffe8524        0xc /opt/esp-alt-sdk-v1.3.0-rtos.258-macos-x86_64/sdk/lib/libmain.a(printf-stdarg.o)
 .rodata.str1.4
                0x000000003ffe8530       0x1b /opt/esp-alt-sdk-v1.3.0-rtos.258-macos-x86_64/sdk/lib/libmain.a(user_interface.o)
 *fill*         0x000000003ffe854b        0x1 
 .rodata.str1.4
                0x000000003ffe854c        0x5 /opt/esp-alt-sdk-v1.3.0-rtos.258-macos-x86_64/sdk/lib/libfreertos.a(tasks.o)
 *fill*         0x000000003ffe8551        0x3 
 .rodata.str1.4
                0x000000003ffe8554        0x8 /opt/esp-alt-sdk-v1.3.0-rtos.258-macos-x86_64/sdk/lib/libfreertos.a(timers.o)
 .rodata.str1.4
                0x000000003ffe855c        0x4 /opt/esp-alt-sdk-v1.3.0-rtos.258-macos-x86_64/sdk/lib/liblwip.a(tcpip.o)
 .rodata.str1.1
                0x000000003ffe8560       0x42 /Users/iklein/docker/sming-docker/workspace/SmingRTOS/sming/compiler/lib//libsming.a(user_main.o)
 .rodata.str1.1
                0x000000003ffe85a2      0x115 out/build/app_app.a(application.o)
 .rodata.str1.1
                0x000000003ffe86b7      0x245 out/build/app_app.a(WebsocketClient.o)
                                        0x250 (size before relaxing)
 .rodata._ZTV15WebsocketClient
                0x000000003ffe88fc       0x3c out/build/app_app.a(WebsocketClient.o)
                0x000000003ffe88fc                vtable for WebsocketClient
 .rodata.str1.4
                0x000000003ffe8938       0x27 /opt/esp-alt-sdk-v1.3.0-rtos.258-macos-x86_64/sdk/lib/libpp.a(lmac.o)
                                         0x2f (size before relaxing)
 *fill*         0x000000003ffe895f        0x1 
 .rodata.str1.4
                0x000000003ffe8960       0x18 /opt/esp-alt-sdk-v1.3.0-rtos.258-macos-x86_64/sdk/lib/libpp.a(pm.o)
                                         0x20 (size before relaxing)
 .rodata.str1.4
                0x000000003ffe8978        0x4 /opt/esp-alt-sdk-v1.3.0-rtos.258-macos-x86_64/sdk/lib/libpp.a(pm_for_bcn_only_mode.o)
                                          0xc (size before relaxing)
 .rodata.str1.4
                0x000000003ffe897c        0xc /opt/esp-alt-sdk-v1.3.0-rtos.258-macos-x86_64/sdk/lib/libpp.a(pp.o)
                                         0x14 (size before relaxing)
 .rodata.str1.4
                0x000000003ffe8988        0xf /opt/esp-alt-sdk-v1.3.0-rtos.258-macos-x86_64/sdk/lib/libpp.a(wdev.o)
                                         0x17 (size before relaxing)
 *fill*         0x000000003ffe8997        0x1 
 .rodata.str1.4
                0x000000003ffe8998        0x3 /opt/esp-alt-sdk-v1.3.0-rtos.258-macos-x86_64/sdk/lib/libnet80211.a(ieee80211_hostap.o)
                                          0x8 (size before relaxing)
 *fill*         0x000000003ffe899b        0x1 
 .rodata.str1.4
                0x000000003ffe899c        0x7 /opt/esp-alt-sdk-v1.3.0-rtos.258-macos-x86_64/sdk/lib/libnet80211.a(ieee80211_mesh_quick.o)
 .rodata.str1.4
                0x0000000000000000        0x4 /opt/esp-alt-sdk-v1.3.0-rtos.258-macos-x86_64/sdk/lib/libnet80211.a(ieee80211_sta.o)
 .rodata.str1.4
                0x0000000000000000        0x4 /opt/esp-alt-sdk-v1.3.0-rtos.258-macos-x86_64/sdk/lib/libnet80211.a(ieee80211_action_vendor.o)
 .rodata.str1.4
                0x0000000000000000        0x4 /opt/esp-alt-sdk-v1.3.0-rtos.258-macos-x86_64/sdk/lib/libnet80211.a(ieee80211_ie_vendor.o)
 *fill*         0x000000003ffe89a3        0x1 
 .rodata.str1.4
                0x000000003ffe89a4        0x4 /opt/esp-alt-sdk-v1.3.0-rtos.258-macos-x86_64/sdk/lib/libcrypto.a(sha1-internal.o)
                                          0x2 (size before relaxing)
 .rodata.str1.1
                0x000000003ffe89a8       0xdf /Users/iklein/docker/sming-docker/workspace/SmingRTOS/sming/compiler/lib//libsming.a(HardwareSerial.o)
 *fill*         0x000000003ffe8a87        0x1 
 .rodata._ZTV14HardwareSerial
                0x000000003ffe8a88       0x20 /Users/iklein/docker/sming-docker/workspace/SmingRTOS/sming/compiler/lib//libsming.a(HardwareSerial.o)
                0x000000003ffe8a88                vtable for HardwareSerial
 .rodata._ZTV7TwoWire
                0x000000003ffe8aa8       0x28 /Users/iklein/docker/sming-docker/workspace/SmingRTOS/sming/compiler/lib//libsming.a(Wire.o)
                0x000000003ffe8aa8                vtable for TwoWire
 .rodata._ZTV13SoftI2cMaster
                0x000000003ffe8ad0       0x1c /Users/iklein/docker/sming-docker/workspace/SmingRTOS/sming/compiler/lib//libsming.a(I2CMaster.o)
                0x000000003ffe8ad0                vtable for SoftI2cMaster
 .rodata.str1.1
                0x000000003ffe8aec        0xc /Users/iklein/docker/sming-docker/workspace/SmingRTOS/sming/compiler/lib//libsming.a(Print.o)
                                          0xe (size before relaxing)
 .rodata.str1.1
                0x0000000000000000        0x1 /Users/iklein/docker/sming-docker/workspace/SmingRTOS/sming/compiler/lib//libsming.a(WString.o)
 .rodata.str1.1
                0x000000003ffe8af8      0x26c /Users/iklein/docker/sming-docker/workspace/SmingRTOS/sming/compiler/lib//libsming.a(Station.o)
                                        0x278 (size before relaxing)
 .rodata._ZTV12StationClass
                0x000000003ffe8d64       0x14 /Users/iklein/docker/sming-docker/workspace/SmingRTOS/sming/compiler/lib//libsming.a(Station.o)
                0x000000003ffe8d64                vtable for StationClass
 .rodata._ZTV6VectorI7BssInfoE
                0x000000003ffe8d78       0x1c /Users/iklein/docker/sming-docker/workspace/SmingRTOS/sming/compiler/lib//libsming.a(Station.o)
                0x000000003ffe8d78                vtable for Vector<BssInfo>
 .rodata.str1.1
                0x000000003ffe8d94       0x1e /Users/iklein/docker/sming-docker/workspace/SmingRTOS/sming/compiler/lib//libsming.a(TcpClient.o)
 *fill*         0x000000003ffe8db2        0x2 
 .rodata._ZTV9TcpClient
                0x000000003ffe8db4       0x3c /Users/iklein/docker/sming-docker/workspace/SmingRTOS/sming/compiler/lib//libsming.a(TcpClient.o)
                0x000000003ffe8db4                vtable for TcpClient
 .rodata.str1.1
                0x000000003ffe8df0      0x2aa /Users/iklein/docker/sming-docker/workspace/SmingRTOS/sming/compiler/lib//libsming.a(TcpConnection.o)
 *fill*         0x000000003ffe909a        0x2 
 .rodata._ZTV13TcpConnection
                0x000000003ffe909c       0x38 /Users/iklein/docker/sming-docker/workspace/SmingRTOS/sming/compiler/lib//libsming.a(TcpConnection.o)
                0x000000003ffe909c                vtable for TcpConnection
 .rodata.str1.1
                0x000000003ffe90d4        0x9 /Users/iklein/docker/sming-docker/workspace/SmingRTOS/sming/compiler/lib//libsming.a(URL.o)
                                          0xa (size before relaxing)
 .rodata.str1.1
                0x000000003ffe90dd      0x11d /Users/iklein/docker/sming-docker/workspace/SmingRTOS/sming/compiler/lib//libsming.a(CommandExecutor.o)
                                        0x11e (size before relaxing)
 *fill*         0x000000003ffe91fa        0x2 
 .rodata._ZTVN11ArduinoJson9Internals15BlockJsonBufferINS0_16DefaultAllocatorEEE
                0x000000003ffe91fc        0xc /Users/iklein/docker/sming-docker/workspace/SmingRTOS/sming/compiler/lib//libsming.a(CommandExecutor.o)
                0x000000003ffe91fc                vtable for ArduinoJson::Internals::BlockJsonBuffer<ArduinoJson::Internals::DefaultAllocator>
 .rodata.str1.1
                0x000000003ffe9208      0x3c1 /Users/iklein/docker/sming-docker/workspace/SmingRTOS/sming/compiler/lib//libsming.a(CommandHandler.o)
                                        0x3c9 (size before relaxing)
 .rodata.str1.1
                0x0000000000000000        0x1 /Users/iklein/docker/sming-docker/workspace/SmingRTOS/sming/compiler/lib//libsming.a(CommandOutput.o)
 .rodata.str1.1
                0x000000003ffe95c9       0x10 /Users/iklein/docker/sming-docker/workspace/SmingRTOS/sming/compiler/lib//libsming.a(ArduinoJson.o)
                                         0x11 (size before relaxing)
 .rodata._ZN11ArduinoJson9Internals8Encoding12_escapeTableE
                0x000000003ffe95d9        0xf /Users/iklein/docker/sming-docker/workspace/SmingRTOS/sming/compiler/lib//libsming.a(ArduinoJson.o)
                0x000000003ffe95d9                ArduinoJson::Internals::Encoding::_escapeTable
 .rodata._ZL13base64enc_tab
                0x000000003ffe95e8       0x41 /Users/iklein/docker/sming-docker/workspace/SmingRTOS/sming/compiler/lib//libsming.a(base64.o)
 *fill*         0x000000003ffe9629        0x3 
 .rodata._ZTV16MemoryDataStream
                0x000000003ffe962c       0x48 /Users/iklein/docker/sming-docker/workspace/SmingRTOS/sming/compiler/lib//libsming.a(DataSourceStream.o)
                0x000000003ffe962c                vtable for MemoryDataStream
 .rodata._ZL14EspDigitalPins
                0x000000003ffe9674       0xc0 /Users/iklein/docker/sming-docker/workspace/SmingRTOS/sming/compiler/lib//libsming.a(Digital.o)
 .rodata.str1.1
                0x000000003ffe9734       0x1d /Users/iklein/docker/sming-docker/workspace/SmingRTOS/sming/compiler/lib//libsming.a(stringconversion.o)
                                         0x21 (size before relaxing)
 .rodata.str1.1
                0x0000000000000000        0x1 /Users/iklein/docker/sming-docker/workspace/SmingRTOS/sming/compiler/lib//libsming.a(Command.o)
 *fill*         0x000000003ffe9751        0x3 
 .rodata._ZTV7Command
                0x000000003ffe9754       0x10 /Users/iklein/docker/sming-docker/workspace/SmingRTOS/sming/compiler/lib//libsming.a(Command.o)
                0x000000003ffe9754                vtable for Command
 .rodata.str1.1
                0x0000000000000000        0x1 /Users/iklein/docker/sming-docker/workspace/SmingRTOS/sming/compiler/lib//libsming.a(CommandDelegate.o)
 *(.gnu.linkonce.r.*)
 *(.rodata1)
                0x000000003ffe9764                __XT_EXCEPTION_TABLE__ = ABSOLUTE (.)
 *(.xt_except_table)
 *(.gcc_except_table)
 *(.gnu.linkonce.e.*)
 *(.gnu.version_r)
 *(.eh_frame)
                0x000000003ffe9764                . = ((. + 0x3) & 0xfffffffffffffffc)
                0x000000003ffe9764                __init_array_start = ABSOLUTE (.)
 *crtbegin.o(.ctors)
 *(EXCLUDE_FILE(*crtend.o) .ctors)
 .ctors         0x000000003ffe9764        0x4 out/build/app_app.a(application.o)
 .ctors         0x000000003ffe9768        0x4 out/build/app_app.a(WebsocketClient.o)
 .ctors         0x000000003ffe976c        0x4 /Users/iklein/docker/sming-docker/workspace/SmingRTOS/sming/compiler/lib//libsming.a(HardwareSerial.o)
 .ctors         0x000000003ffe9770        0x4 /Users/iklein/docker/sming-docker/workspace/SmingRTOS/sming/compiler/lib//libsming.a(Interrupts.o)
 .ctors         0x000000003ffe9774        0x4 /Users/iklein/docker/sming-docker/workspace/SmingRTOS/sming/compiler/lib//libsming.a(Wire.o)
 .ctors         0x000000003ffe9778        0x4 /Users/iklein/docker/sming-docker/workspace/SmingRTOS/sming/compiler/lib//libsming.a(Station.o)
 .ctors         0x000000003ffe977c        0x4 /Users/iklein/docker/sming-docker/workspace/SmingRTOS/sming/compiler/lib//libsming.a(TcpClient.o)
 .ctors         0x000000003ffe9780        0x4 /Users/iklein/docker/sming-docker/workspace/SmingRTOS/sming/compiler/lib//libsming.a(TcpConnection.o)
 .ctors         0x000000003ffe9784        0x4 /Users/iklein/docker/sming-docker/workspace/SmingRTOS/sming/compiler/lib//libsming.a(CommandExecutor.o)
 .ctors         0x000000003ffe9788        0x4 /Users/iklein/docker/sming-docker/workspace/SmingRTOS/sming/compiler/lib//libsming.a(CommandHandler.o)
 .ctors         0x000000003ffe978c        0x4 /Users/iklein/docker/sming-docker/workspace/SmingRTOS/sming/compiler/lib//libsming.a(CommandOutput.o)
 .ctors         0x000000003ffe9790        0x4 /Users/iklein/docker/sming-docker/workspace/SmingRTOS/sming/compiler/lib//libsming.a(ArduinoJson.o)
 .ctors         0x000000003ffe9794        0x4 /Users/iklein/docker/sming-docker/workspace/SmingRTOS/sming/compiler/lib//libsming.a(DataSourceStream.o)
 .ctors         0x000000003ffe9798        0x4 /Users/iklein/docker/sming-docker/workspace/SmingRTOS/sming/compiler/lib//libsming.a(SystemClock.o)
 .ctors         0x000000003ffe979c        0x4 /Users/iklein/docker/sming-docker/workspace/SmingRTOS/sming/compiler/lib//libsming.a(RTC.o)
 .ctors         0x000000003ffe97a0        0x4 /Users/iklein/docker/sming-docker/workspace/SmingRTOS/sming/compiler/lib//libsming.a(WebSocket.o)
 .ctors         0x000000003ffe97a4        0x4 /Users/iklein/docker/sming-docker/workspace/SmingRTOS/sming/compiler/lib//libsming.a(CommandDelegate.o)
 .ctors         0x000000003ffe97a8        0x4 /Users/iklein/docker/sming-docker/workspace/SmingRTOS/sming/compiler/lib//libsming.a(HttpRequest.o)
 .ctors         0x000000003ffe97ac        0x4 /Users/iklein/docker/sming-docker/workspace/SmingRTOS/sming/compiler/lib//libsming.a(HttpResponse.o)
 .ctors         0x000000003ffe97b0        0x4 /Users/iklein/docker/sming-docker/workspace/SmingRTOS/sming/compiler/lib//libsming.a(HttpServer.o)
 .ctors         0x000000003ffe97b4        0x4 /Users/iklein/docker/sming-docker/workspace/SmingRTOS/sming/compiler/lib//libsming.a(HttpServerConnection.o)
 .ctors         0x000000003ffe97b8        0x4 /Users/iklein/docker/sming-docker/workspace/SmingRTOS/sming/compiler/lib//libsming.a(TcpServer.o)
 *(SORT(.ctors.*))
 *(.ctors)
                0x000000003ffe97bc                __init_array_end = ABSOLUTE (.)
 *crtbegin.o(.dtors)
 *(EXCLUDE_FILE(*crtend.o) .dtors)
 .dtors         0x000000003ffe97bc        0x4 out/build/app_app.a(application.o)
 .dtors         0x000000003ffe97c0        0x4 /Users/iklein/docker/sming-docker/workspace/SmingRTOS/sming/compiler/lib//libsming.a(HardwareSerial.o)
 .dtors         0x000000003ffe97c4        0x4 /Users/iklein/docker/sming-docker/workspace/SmingRTOS/sming/compiler/lib//libsming.a(Interrupts.o)
 .dtors         0x000000003ffe97c8        0x4 /Users/iklein/docker/sming-docker/workspace/SmingRTOS/sming/compiler/lib//libsming.a(Wire.o)
 .dtors         0x000000003ffe97cc        0x4 /Users/iklein/docker/sming-docker/workspace/SmingRTOS/sming/compiler/lib//libsming.a(Station.o)
 .dtors         0x000000003ffe97d0        0x4 /Users/iklein/docker/sming-docker/workspace/SmingRTOS/sming/compiler/lib//libsming.a(CommandHandler.o)
 *(SORT(.dtors.*))
 *(.dtors)
                0x000000003ffe97d4                __XT_EXCEPTION_DESCS__ = ABSOLUTE (.)
 *(.xt_except_desc)
 *(.gnu.linkonce.h.*)
                0x000000003ffe97d4                __XT_EXCEPTION_DESCS_END__ = ABSOLUTE (.)
 *(.xt_except_desc_end)
 *(.dynamic)
 *(.gnu.version_d)
                0x000000003ffe97d4                . = ALIGN (0x4)
                0x000000003ffe97d4                _bss_table_start = ABSOLUTE (.)
                0x000000003ffe97d4        0x4 LONG 0x3ffe97e0 _bss_start
                0x000000003ffe97d8        0x4 LONG 0x3fff05b8 _bss_end
                0x000000003ffe97dc                _bss_table_end = ABSOLUTE (.)
                0x000000003ffe97dc                _rodata_end = ABSOLUTE (.)

.UserExceptionVector.literal
                0x000000003ffe97dc        0x0
                0x000000003ffe97dc                _UserExceptionVector_literal_start = ABSOLUTE (.)
 *(.UserExceptionVector.literal)
                0x000000003ffe97dc                _UserExceptionVector_literal_end = ABSOLUTE (.)

.bss            0x000000003ffe97e0     0x6dd8
                0x000000003ffe97e0                . = ALIGN (0x8)
                0x000000003ffe97e0                _bss_start = ABSOLUTE (.)
 *(.dynsbss)
 *(.sbss)
 *(.sbss.*)
 *(.gnu.linkonce.sb.*)
 *(.scommon)
 *(.sbss2)
 *(.sbss2.*)
 *(.gnu.linkonce.sb2.*)
 *(.dynbss)
 *(.bss)
 .bss           0x000000003ffe97e0      0x3f8 /opt/esp-alt-sdk-v1.3.0-rtos.258-macos-x86_64/sdk/lib/libmain.a(xtensa_vectors.o)
 .bss           0x000000003ffe9bd8       0x30 /opt/esp-alt-sdk-v1.3.0-rtos.258-macos-x86_64/sdk/lib/libmain.a(app_main.o)
                0x000000003ffe9bd8                user_init_flag
                0x000000003ffe9bdc                info
                0x000000003ffe9c00                errno
                0x000000003ffe9c04                xWatchDogTaskHandle
 *fill*         0x000000003ffe9c08        0x8 
 .bss           0x000000003ffe9c10       0xc0 /opt/esp-alt-sdk-v1.3.0-rtos.258-macos-x86_64/sdk/lib/libmain.a(ets_timer.o)
                0x000000003ffe9c14                timer_list
                0x000000003ffe9c18                debug_timer
                0x000000003ffe9c1c                debug_timerfn
 .bss           0x000000003ffe9cd0        0x4 /opt/esp-alt-sdk-v1.3.0-rtos.258-macos-x86_64/sdk/lib/libmain.a(misc.o)
                0x000000003ffe9cd0                _putc1
 *fill*         0x000000003ffe9cd4        0xc 
 .bss           0x000000003ffe9ce0       0x40 /opt/esp-alt-sdk-v1.3.0-rtos.258-macos-x86_64/sdk/lib/libmain.a(printf-stdarg.o)
 .bss           0x000000003ffe9d20        0x1 /opt/esp-alt-sdk-v1.3.0-rtos.258-macos-x86_64/sdk/lib/libmain.a(spi_flash.o)
                0x000000003ffe9d20                FlashIsOnGoing
 *fill*         0x000000003ffe9d21        0xf 
 .bss           0x000000003ffe9d30      0x192 /opt/esp-alt-sdk-v1.3.0-rtos.258-macos-x86_64/sdk/lib/libmain.a(user_interface.o)
                0x000000003ffe9e2f                deep_sleep_flag
                0x000000003ffe9e30                cpu_overclock
                0x000000003ffe9e34                event_cb
                0x000000003ffe9e38                xQueue_event
                0x000000003ffe9e3c                rst_if
                0x000000003ffe9e5c                OpmodChgIsOnGoing
                0x000000003ffe9e60                promiscuous_cb
                0x000000003ffe9e64                status_led_output_level
                0x000000003ffe9e68                evt
 *fill*         0x000000003ffe9ec2        0x2 
 .bss           0x000000003ffe9ec4       0x1c /opt/esp-alt-sdk-v1.3.0-rtos.258-macos-x86_64/sdk/lib/libfreertos.a(heap_4.o)
 .bss           0x000000003ffe9ee0       0x90 /opt/esp-alt-sdk-v1.3.0-rtos.258-macos-x86_64/sdk/lib/libfreertos.a(port.o)
                0x000000003ffe9ee4                cpu_sr
                0x000000003ffe9eec                _xt_isr_status
                0x000000003ffe9ef0                isr
 .bss           0x000000003ffe9f70      0x1cc /opt/esp-alt-sdk-v1.3.0-rtos.258-macos-x86_64/sdk/lib/libfreertos.a(tasks.o)
                0x000000003ffe9f74                pxCurrentTCB
 .bss           0x000000003ffea13c       0x3c /opt/esp-alt-sdk-v1.3.0-rtos.258-macos-x86_64/sdk/lib/libfreertos.a(timers.o)
 *fill*         0x000000003ffea178        0x8 
 .bss           0x000000003ffea180       0x44 /opt/esp-alt-sdk-v1.3.0-rtos.258-macos-x86_64/sdk/lib/liblwip.a(dhcp.o)
                0x000000003ffea180                dhcp_rx_options_given
                0x000000003ffea190                dhcp_rx_options_val
 .bss           0x000000003ffea1c4       0x28 /opt/esp-alt-sdk-v1.3.0-rtos.258-macos-x86_64/sdk/lib/liblwip.a(dhcpserver.o)
 *fill*         0x000000003ffea1ec        0x4 
 .bss           0x000000003ffea1f0      0x480 /opt/esp-alt-sdk-v1.3.0-rtos.258-macos-x86_64/sdk/lib/liblwip.a(dns.o)
 .bss           0x000000003ffea670       0xd8 /opt/esp-alt-sdk-v1.3.0-rtos.258-macos-x86_64/sdk/lib/liblwip.a(etharp.o)
                0x000000003ffea674                ethzero
 *fill*         0x000000003ffea748        0x8 
 .bss           0x000000003ffea750       0x10 /opt/esp-alt-sdk-v1.3.0-rtos.258-macos-x86_64/sdk/lib/liblwip.a(ip4_addr.o)
 .bss           0x000000003ffea760       0x32 /opt/esp-alt-sdk-v1.3.0-rtos.258-macos-x86_64/sdk/lib/liblwip.a(ip4.o)
                0x000000003ffea760                ip_data
 *fill*         0x000000003ffea792        0x2 
 .bss           0x000000003ffea794        0x4 /opt/esp-alt-sdk-v1.3.0-rtos.258-macos-x86_64/sdk/lib/liblwip.a(mld6.o)
 *fill*         0x000000003ffea798        0x8 
 .bss           0x000000003ffea7a0      0x421 /opt/esp-alt-sdk-v1.3.0-rtos.258-macos-x86_64/sdk/lib/liblwip.a(nd6.o)
                0x000000003ffea7c0                prefix_list
                0x000000003ffea850                neighbor_cache
                0x000000003ffea9e0                default_router_list
                0x000000003ffeaa30                destination_cache
 *fill*         0x000000003ffeabc1        0x3 
 .bss           0x000000003ffeabc4        0xc /opt/esp-alt-sdk-v1.3.0-rtos.258-macos-x86_64/sdk/lib/liblwip.a(netif.o)
                0x000000003ffeabc8                netif_list
                0x000000003ffeabcc                netif_default
 .bss           0x000000003ffeabd0        0x4 /opt/esp-alt-sdk-v1.3.0-rtos.258-macos-x86_64/sdk/lib/liblwip.a(raw.o)
 .bss           0x000000003ffeabd4       0x2c /opt/esp-alt-sdk-v1.3.0-rtos.258-macos-x86_64/sdk/lib/liblwip.a(tcp_in.o)
                0x000000003ffeabfc                tcp_input_pcb
 .bss           0x000000003ffeac00       0x10 /opt/esp-alt-sdk-v1.3.0-rtos.258-macos-x86_64/sdk/lib/liblwip.a(tcpip.o)
                0x000000003ffeac0c                xLwipTaskHandle
 .bss           0x000000003ffeac10       0x21 /opt/esp-alt-sdk-v1.3.0-rtos.258-macos-x86_64/sdk/lib/liblwip.a(tcp.o)
                0x000000003ffeac14                tcp_active_pcbs
                0x000000003ffeac18                tcp_tmp_pcb
                0x000000003ffeac1c                tcp_active_pcbs_changed
                0x000000003ffeac20                tcp_tw_pcbs
                0x000000003ffeac24                tcp_bound_pcbs
                0x000000003ffeac28                tcp_listen_pcbs
                0x000000003ffeac2c                tcp_ticks
 *fill*         0x000000003ffeac31        0x3 
 .bss           0x000000003ffeac34        0xc /opt/esp-alt-sdk-v1.3.0-rtos.258-macos-x86_64/sdk/lib/liblwip.a(timers.o)
                0x000000003ffeac38                LwipTimOutLim
 .bss           0x000000003ffeac40        0x4 /opt/esp-alt-sdk-v1.3.0-rtos.258-macos-x86_64/sdk/lib/liblwip.a(udp.o)
                0x000000003ffeac40                udp_pcbs
 *fill*         0x000000003ffeac44        0xc 
 .bss           0x000000003ffeac50       0x38 /opt/esp-alt-sdk-v1.3.0-rtos.258-macos-x86_64/sdk/lib/liblwip.a(ip6_addr.o)
                0x000000003ffeac50                ip6_addr_any
 .bss           0x000000003ffeac88        0x6 /opt/esp-alt-sdk-v1.3.0-rtos.258-macos-x86_64/sdk/lib/liblwip.a(ip6_frag.o)
 *fill*         0x000000003ffeac8e        0x2 
 .bss           0x000000003ffeac90      0x100 /opt/esp-alt-sdk-v1.3.0-rtos.258-macos-x86_64/sdk/lib/liblwip.a(sockets.o)
                0x000000003ffeac90                DefSocketCloseFlag
                0x000000003ffeac91                SocketCloseDoneFlag
 .bss           0x000000003ffead90        0x4 /opt/esp-alt-sdk-v1.3.0-rtos.258-macos-x86_64/sdk/lib/libminic.a(minic.o)
 .bss           0x000000003ffead94        0x4 /opt/esp-alt-sdk-v1.3.0-rtos.258-macos-x86_64/sdk/lib/libphy.a(phy.o)
 .bss           0x000000003ffead98        0x2 /opt/esp-alt-sdk-v1.3.0-rtos.258-macos-x86_64/sdk/lib/libphy.a(phy_chip_v6_ana.o)
                0x000000003ffead98                tout_dis_txpwr_track
                0x000000003ffead99                sleep_mode_flag
 *fill*         0x000000003ffead9a        0x6 
 .bss           0x000000003ffeada0      0x158 /opt/esp-alt-sdk-v1.3.0-rtos.258-macos-x86_64/sdk/lib/libphy.a(phy_chip_v6.o)
                0x000000003ffeada0                rxiq_compute_num
                0x000000003ffeada4                rx_table_renew_en
                0x000000003ffeada8                check_result
                0x000000003ffeadac                chip6_sleep_params
                0x000000003ffeae40                chip6_phy_init_ctrl
                0x000000003ffeaeb4                phy_freq_offset
                0x000000003ffeaeb6                do_pwctrl_flag
                0x000000003ffeaeb7                pwctrl_debug
                0x000000003ffeaeb8                txbk_dpdby_flag
                0x000000003ffeaeba                sw_scan_mode
                0x000000003ffeaebb                rxmax_ext_level
                0x000000003ffeaebc                phy_rx_gain_dc_table
                0x000000003ffeaed0                periodic_cal_dc_num
                0x000000003ffeaed4                periodic_cal_flag
                0x000000003ffeaed5                bbpll_cal_flag
                0x000000003ffeaed6                phy_in_most_power
                0x000000003ffeaed7                init_rf_no_cal
                0x000000003ffeaed8                test_print_time
                0x000000003ffeaedc                phy_rx_gain_dc_flag
                0x000000003ffeaedd                phy_in_vdd33_offset
                0x000000003ffeaede                phy_set_most_tpw_disbg
                0x000000003ffeaedf                phy_set_most_tpw_index
                0x000000003ffeaee0                adc_rand_noise
                0x000000003ffeaee4                dpd_bypass_original
                0x000000003ffeaee8                noise_array
 .bss           0x000000003ffeaef8        0x8 /opt/esp-alt-sdk-v1.3.0-rtos.258-macos-x86_64/sdk/lib/libphy.a(phy_chip_v6_cal.o)
                0x000000003ffeaef8                phy_tx_power_out
                0x000000003ffeaefa                loop_pwctrl_pwdet_error_accum_high_power
                0x000000003ffeaefc                tx_pwctrl_pk_num
                0x000000003ffeaefd                tx_pwctrl_track_num
                0x000000003ffeaefe                loop_pwctrl_correct_atten_high_power
                0x000000003ffeaeff                rxiq_cover_fail_num
 .bss           0x000000003ffeaf00        0x7 /opt/esp-alt-sdk-v1.3.0-rtos.258-macos-x86_64/sdk/lib/libphy.a(phy_sleep.o)
                0x000000003ffeaf00                periodic_cal_sat
                0x000000003ffeaf02                lslp_mem_opt_8266
                0x000000003ffeaf04                software_slp_reject
                0x000000003ffeaf05                SDIO_slp_reject
                0x000000003ffeaf06                hardware_reject
 *fill*         0x000000003ffeaf07        0x9 
 .bss           0x000000003ffeaf10       0x30 /opt/esp-alt-sdk-v1.3.0-rtos.258-macos-x86_64/sdk/lib/libpp.a(if_hwctrl.o)
                0x000000003ffeaf10                interface_mask
                0x000000003ffeaf20                if_ctrl
 .bss           0x000000003ffeaf40      0x150 /opt/esp-alt-sdk-v1.3.0-rtos.258-macos-x86_64/sdk/lib/libpp.a(lmac.o)
                0x000000003ffeaf44                lmacConfMib
 .bss           0x000000003ffeb090      0x14a /opt/esp-alt-sdk-v1.3.0-rtos.258-macos-x86_64/sdk/lib/libpp.a(pm.o)
                0x000000003ffeb18c                flash_tmp
                0x000000003ffeb190                CCOMPARE_AddVal
 *fill*         0x000000003ffeb1da        0x2 
 .bss           0x000000003ffeb1dc       0x48 /opt/esp-alt-sdk-v1.3.0-rtos.258-macos-x86_64/sdk/lib/libpp.a(pm_for_bcn_only_mode.o)
 *fill*         0x000000003ffeb224        0xc 
 .bss           0x000000003ffeb230      0x3c2 /opt/esp-alt-sdk-v1.3.0-rtos.258-macos-x86_64/sdk/lib/libpp.a(pp.o)
                0x000000003ffeb230                wdt_ini_flag
                0x000000003ffeb231                pp_soft_wdt_count
                0x000000003ffeb258                pend_flag_noise_check
                0x000000003ffeb260                pend_flag_periodic_cal
                0x000000003ffeb280                idle_timer_reopen_flag
                0x000000003ffeb289                dbg_stop_sw_wdt
                0x000000003ffeb28a                dbg_stop_hw_wdt
                0x000000003ffeb28c                HighestFreqOffsetInOneChk
                0x000000003ffeb28e                LowestFreqOffsetInOneChk
                0x000000003ffeb290                DefFreqCalTimer
                0x000000003ffeb2ac                PktNumInOneChk
 *fill*         0x000000003ffeb5f2        0xe 
 .bss           0x000000003ffeb600      0x100 /opt/esp-alt-sdk-v1.3.0-rtos.258-macos-x86_64/sdk/lib/libpp.a(rate_control.o)
 .bss           0x000000003ffeb700      0x46c /opt/esp-alt-sdk-v1.3.0-rtos.258-macos-x86_64/sdk/lib/libpp.a(trc.o)
 *fill*         0x000000003ffebb6c        0x4 
 .bss           0x000000003ffebb70     0x2f68 /opt/esp-alt-sdk-v1.3.0-rtos.258-macos-x86_64/sdk/lib/libpp.a(wdev.o)
                0x000000003ffebb70                wDevCtrl
                0x000000003ffebd18                NMIIrqIsOn
                0x000000003ffebd1c                WdevTimOffSet
 *fill*         0x000000003ffeead8        0x8 
 .bss           0x000000003ffeeae0      0x984 /opt/esp-alt-sdk-v1.3.0-rtos.258-macos-x86_64/sdk/lib/libpp.a(esf_buf.o)
 .bss           0x000000003ffef464      0x67c /opt/esp-alt-sdk-v1.3.0-rtos.258-macos-x86_64/sdk/lib/libnet80211.a(ieee80211.o)
                0x000000003ffef464                g_ic
                0x000000003ffefadc                xieee80211Queue
 .bss           0x000000003ffefae0       0x52 /opt/esp-alt-sdk-v1.3.0-rtos.258-macos-x86_64/sdk/lib/libnet80211.a(ieee80211_hostap.o)
                0x000000003ffefae0                BcnEb_update
                0x000000003ffefb0c                PendFreeBcnEb
                0x000000003ffefb10                ApFreqCalTimer
                0x000000003ffefb2c                APRecvBcnStartTick
 *fill*         0x000000003ffefb32        0x2 
 .bss           0x000000003ffefb34       0xe0 /opt/esp-alt-sdk-v1.3.0-rtos.258-macos-x86_64/sdk/lib/libnet80211.a(ieee80211_scan.o)
                0x000000003ffefb34                gScanStruct
                0x000000003ffefbf0                connect_scan_flag
                0x000000003ffefbf1                FreqCalCntForScan
                0x000000003ffefbf2                TestStaFreqCalValInput
                0x000000003ffefbf4                auth_type
                0x000000003ffefbf6                scannum
 *fill*         0x000000003ffefc14        0x4 
 .bss           0x000000003ffefc18       0x10 /opt/esp-alt-sdk-v1.3.0-rtos.258-macos-x86_64/sdk/lib/libnet80211.a(ieee80211_sta.o)
 .bss           0x000000003ffefc28       0x44 /opt/esp-alt-sdk-v1.3.0-rtos.258-macos-x86_64/sdk/lib/libnet80211.a(wl_chm.o)
 *fill*         0x000000003ffefc6c        0x4 
 .bss           0x000000003ffefc70      0x399 /opt/esp-alt-sdk-v1.3.0-rtos.258-macos-x86_64/sdk/lib/libnet80211.a(wl_cnx.o)
                0x000000003ffeffe8                sta_con_timer
                0x000000003fff0004                g_cnx_probe_rc_list_cb
                0x000000003fff0008                reconnect_flag
 *fill*         0x000000003fff0009        0x3 
 .bss           0x000000003fff000c       0x10 /opt/esp-alt-sdk-v1.3.0-rtos.258-macos-x86_64/sdk/lib/libnet80211.a(ieee80211_action_vendor.o)
 *fill*         0x000000003fff001c        0x4 
 .bss           0x000000003fff0020      0x26a /opt/esp-alt-sdk-v1.3.0-rtos.258-macos-x86_64/sdk/lib/libwpa.a(wpa.o)
 *fill*         0x000000003fff028a        0x6 
 .bss           0x000000003fff0290       0x10 /opt/esp-alt-sdk-v1.3.0-rtos.258-macos-x86_64/sdk/lib/liblwip.a(ethernetif.o)
 .bss           0x000000003fff02a0        0x8 /opt/esp-alt-sdk-v1.3.0-rtos.258-macos-x86_64/sdk/lib/libnet80211.a(ieee80211_crypto_tkip.o)
 *(.bss.*)
 .bss.ws_Url    0x000000003fff02a8        0x8 out/build/app_app.a(application.o)
                0x000000003fff02a8                ws_Url
 .bss.restartTimer
                0x000000003fff02b0       0x38 out/build/app_app.a(application.o)
                0x000000003fff02b0                restartTimer
 .bss.msgTimer  0x000000003fff02e8       0x38 out/build/app_app.a(application.o)
                0x000000003fff02e8                msgTimer
 .bss.wsClient  0x000000003fff0320       0x74 out/build/app_app.a(application.o)
                0x000000003fff0320                wsClient
 *fill*         0x000000003fff0394        0x4 
 .bss.pollTimer
                0x000000003fff0398       0x38 out/build/app_app.a(application.o)
                0x000000003fff0398                pollTimer
 .bss.nunchucks
                0x000000003fff03d0       0x24 out/build/app_app.a(application.o)
                0x000000003fff03d0                nunchucks
 .bss._ZL11INADDR_NONE
                0x000000003fff03f4        0x4 out/build/app_app.a(application.o)
 .bss._ZL11INADDR_NONE
                0x000000003fff03f8        0x4 out/build/app_app.a(WebsocketClient.o)
 .bss.Serial    0x000000003fff03fc       0x24 /Users/iklein/docker/sming-docker/workspace/SmingRTOS/sming/compiler/lib//libsming.a(HardwareSerial.o)
                0x000000003fff03fc                Serial
 .bss._ZN14HardwareSerial18serialDelegateTaskE
                0x000000003fff0420        0x4 /Users/iklein/docker/sming-docker/workspace/SmingRTOS/sming/compiler/lib//libsming.a(HardwareSerial.o)
                0x000000003fff0420                HardwareSerial::serialDelegateTask
 .bss._ZN14HardwareSerial19serialDelegateQueueE
                0x000000003fff0424        0x4 /Users/iklein/docker/sming-docker/workspace/SmingRTOS/sming/compiler/lib//libsming.a(HardwareSerial.o)
                0x000000003fff0424                HardwareSerial::serialDelegateQueue
 .bss._ZN14HardwareSerial21hardwareSerialObjectsE
                0x000000003fff0428        0x8 /Users/iklein/docker/sming-docker/workspace/SmingRTOS/sming/compiler/lib//libsming.a(HardwareSerial.o)
                0x000000003fff0428                HardwareSerial::hardwareSerialObjects
 .bss._ZL11INADDR_NONE
                0x000000003fff0430        0x4 /Users/iklein/docker/sming-docker/workspace/SmingRTOS/sming/compiler/lib//libsming.a(HardwareSerial.o)
 .bss._delegateFunctionList
                0x000000003fff0434       0x40 /Users/iklein/docker/sming-docker/workspace/SmingRTOS/sming/compiler/lib//libsming.a(Interrupts.o)
                0x000000003fff0434                _delegateFunctionList
 .bss.Wire      0x000000003fff0474       0x8c /Users/iklein/docker/sming-docker/workspace/SmingRTOS/sming/compiler/lib//libsming.a(Wire.o)
                0x000000003fff0474                Wire
 .bss._ZZN6StringixEjE19dummy_writable_char
                0x000000003fff0500        0x1 /Users/iklein/docker/sming-docker/workspace/SmingRTOS/sming/compiler/lib//libsming.a(WString.o)
 *fill*         0x000000003fff0501        0x3 
 .bss.WifiStation
                0x000000003fff0504       0x24 /Users/iklein/docker/sming-docker/workspace/SmingRTOS/sming/compiler/lib//libsming.a(Station.o)
                0x000000003fff0504                WifiStation
 .bss._ZL11INADDR_NONE
                0x000000003fff0528        0x4 /Users/iklein/docker/sming-docker/workspace/SmingRTOS/sming/compiler/lib//libsming.a(Station.o)
 .bss.System    0x000000003fff052c        0x1 /Users/iklein/docker/sming-docker/workspace/SmingRTOS/sming/compiler/lib//libsming.a(System.o)
                0x000000003fff052c                System
 .bss._ZL11INADDR_NONE
                0x000000003fff052d        0x4 /Users/iklein/docker/sming-docker/workspace/SmingRTOS/sming/compiler/lib//libsming.a(TcpClient.o)
 .bss._ZL11INADDR_NONE
                0x000000003fff0531        0x4 /Users/iklein/docker/sming-docker/workspace/SmingRTOS/sming/compiler/lib//libsming.a(TcpConnection.o)
 .bss._ZL11INADDR_NONE
                0x000000003fff0535        0x4 /Users/iklein/docker/sming-docker/workspace/SmingRTOS/sming/compiler/lib//libsming.a(CommandExecutor.o)
 *fill*         0x000000003fff0539        0x3 
 .bss.commandHandler
                0x000000003fff053c       0x1c /Users/iklein/docker/sming-docker/workspace/SmingRTOS/sming/compiler/lib//libsming.a(CommandHandler.o)
                0x000000003fff053c                commandHandler
 .bss._ZL11INADDR_NONE
                0x000000003fff0558        0x4 /Users/iklein/docker/sming-docker/workspace/SmingRTOS/sming/compiler/lib//libsming.a(CommandHandler.o)
 .bss._ZL11INADDR_NONE
                0x000000003fff055c        0x4 /Users/iklein/docker/sming-docker/workspace/SmingRTOS/sming/compiler/lib//libsming.a(CommandOutput.o)
 .bss._ZN11ArduinoJson10JsonObject8_invalidE
                0x000000003fff0560        0x8 /Users/iklein/docker/sming-docker/workspace/SmingRTOS/sming/compiler/lib//libsming.a(ArduinoJson.o)
                0x000000003fff0560                ArduinoJson::JsonObject::_invalid
 .bss._ZN11ArduinoJson9JsonArray8_invalidE
                0x000000003fff0568        0x8 /Users/iklein/docker/sming-docker/workspace/SmingRTOS/sming/compiler/lib//libsming.a(ArduinoJson.o)
                0x000000003fff0568                ArduinoJson::JsonArray::_invalid
 .bss._ZL11INADDR_NONE
                0x000000003fff0570        0x4 /Users/iklein/docker/sming-docker/workspace/SmingRTOS/sming/compiler/lib//libsming.a(DataSourceStream.o)
 *fill*         0x000000003fff0574        0x4 
 .bss.SystemClock
                0x000000003fff0578       0x18 /Users/iklein/docker/sming-docker/workspace/SmingRTOS/sming/compiler/lib//libsming.a(SystemClock.o)
                0x000000003fff0578                SystemClock
 .bss._ZL11INADDR_NONE
                0x000000003fff0590        0x4 /Users/iklein/docker/sming-docker/workspace/SmingRTOS/sming/compiler/lib//libsming.a(SystemClock.o)
 .bss.RTC       0x000000003fff0594        0x1 /Users/iklein/docker/sming-docker/workspace/SmingRTOS/sming/compiler/lib//libsming.a(RTC.o)
                0x000000003fff0594                RTC
 .bss._ZL11INADDR_NONE
                0x000000003fff0595        0x4 /Users/iklein/docker/sming-docker/workspace/SmingRTOS/sming/compiler/lib//libsming.a(WebSocket.o)
 .bss._ZL11INADDR_NONE
                0x000000003fff0599        0x4 /Users/iklein/docker/sming-docker/workspace/SmingRTOS/sming/compiler/lib//libsming.a(CommandDelegate.o)
 .bss._ZL11INADDR_NONE
                0x000000003fff059d        0x4 /Users/iklein/docker/sming-docker/workspace/SmingRTOS/sming/compiler/lib//libsming.a(HttpRequest.o)
 .bss._ZL11INADDR_NONE
                0x000000003fff05a1        0x4 /Users/iklein/docker/sming-docker/workspace/SmingRTOS/sming/compiler/lib//libsming.a(HttpResponse.o)
 .bss._ZL11INADDR_NONE
                0x000000003fff05a5        0x4 /Users/iklein/docker/sming-docker/workspace/SmingRTOS/sming/compiler/lib//libsming.a(HttpServer.o)
 .bss._ZL11INADDR_NONE
                0x000000003fff05a9        0x4 /Users/iklein/docker/sming-docker/workspace/SmingRTOS/sming/compiler/lib//libsming.a(HttpServerConnection.o)
 .bss._ZL11INADDR_NONE
                0x000000003fff05ad        0x4 /Users/iklein/docker/sming-docker/workspace/SmingRTOS/sming/compiler/lib//libsming.a(TcpServer.o)
 *(.gnu.linkonce.b.*)
 *(COMMON)
                0x000000003fff05b8                . = ALIGN (0x8)
 *fill*         0x000000003fff05b1        0x7 
                0x000000003fff05b8                _bss_end = ABSOLUTE (.)
                0x000000003fff05b8                _heap_start = ABSOLUTE (.)

.text           0x0000000040100000     0x6d1c
                0x0000000040100000                _stext = .
                0x0000000040100000                _text_start = ABSOLUTE (.)
 *(.UserEnter.text)
 .UserEnter.text
                0x0000000040100000        0xd /opt/esp-alt-sdk-v1.3.0-rtos.258-macos-x86_64/sdk/lib/libmain.a(xtensa_vectors.o)
                                         0x14 (size before relaxing)
                0x0000000040100004                call_user_start
                0x0000000040100010                . = ALIGN (0x10)
 *fill*         0x000000004010000d        0x3 
 *(.DebugExceptionVector.text)
 .DebugExceptionVector.text
                0x0000000040100010        0x9 /opt/esp-alt-sdk-v1.3.0-rtos.258-macos-x86_64/sdk/lib/libmain.a(xtensa_vectors.o)
                                         0x10 (size before relaxing)
                0x0000000040100010                _DebugExceptionVector
                0x0000000040100020                . = ALIGN (0x10)
 *fill*         0x0000000040100019        0x7 
 *(.NMIExceptionVector.text)
 .NMIExceptionVector.text
                0x0000000040100020        0x6 /opt/esp-alt-sdk-v1.3.0-rtos.258-macos-x86_64/sdk/lib/libmain.a(xtensa_vectors.o)
                                          0xd (size before relaxing)
                0x0000000040100020                _NMIExceptionVector
                0x0000000040100030                . = ALIGN (0x10)
 *fill*         0x0000000040100026        0xa 
 *(.KernelExceptionVector.text)
 .KernelExceptionVector.text
                0x0000000040100030        0x6 /opt/esp-alt-sdk-v1.3.0-rtos.258-macos-x86_64/sdk/lib/libmain.a(xtensa_vectors.o)
                                          0xd (size before relaxing)
                0x0000000040100030                _KernelExceptionVector
                0x0000000040100036        0x4 LONG 0x0
                0x000000004010003a        0x4 LONG 0x0
                0x000000004010003e        0x4 LONG 0x0
                0x0000000040100042        0x4 LONG 0x0
                0x0000000040100050                . = ALIGN (0x10)
 *fill*         0x0000000040100046        0xa 
 *(.UserExceptionVector.text)
 .UserExceptionVector.text
                0x0000000040100050        0x6 /opt/esp-alt-sdk-v1.3.0-rtos.258-macos-x86_64/sdk/lib/libmain.a(xtensa_vectors.o)
                                          0xd (size before relaxing)
                0x0000000040100050                _UserExceptionVector
                0x0000000040100056        0x4 LONG 0x0
                0x000000004010005a        0x4 LONG 0x0
                0x000000004010005e        0x4 LONG 0x0
                0x0000000040100062        0x4 LONG 0x0
                0x0000000040100070                . = ALIGN (0x10)
 *fill*         0x0000000040100066        0xa 
 *(.DoubleExceptionVector.text)
 .DoubleExceptionVector.text
                0x0000000040100070        0x9 /opt/esp-alt-sdk-v1.3.0-rtos.258-macos-x86_64/sdk/lib/libmain.a(xtensa_vectors.o)
                                         0x10 (size before relaxing)
                0x0000000040100070                _DoubleExceptionVector
                0x0000000040100079        0x4 LONG 0x0
                0x000000004010007d        0x4 LONG 0x0
                0x0000000040100081        0x4 LONG 0x0
                0x0000000040100085        0x4 LONG 0x0
                0x0000000040100090                . = ALIGN (0x10)
 *fill*         0x0000000040100089        0x7 
 *(.entry.text)
 *(.init.literal)
 *(.init)
 *(.literal .text .stub .gnu.warning .gnu.linkonce.literal.* .gnu.linkonce.t.*.literal .gnu.linkonce.t.*)
 .text          0x0000000040100090      0x1da /opt/esp-alt-sdk-v1.3.0-rtos.258-macos-x86_64/sdk/lib/libmain.a(xtensa_vectors.o)
                                        0x212 (size before relaxing)
                0x0000000040100138                _xt_user_exit
 *fill*         0x000000004010026a        0x2 
 .text          0x000000004010026c      0x41e /opt/esp-alt-sdk-v1.3.0-rtos.258-macos-x86_64/sdk/lib/libmain.a(app_main.o)
                                        0x456 (size before relaxing)
                0x0000000040100274                Cache_Read_Enable_New
                0x00000000401003f4                user_fatal_exception_handler
                0x00000000401004cc                do_global_ctors
                0x0000000040100534                user_start
 *fill*         0x000000004010068a        0x2 
 .text          0x000000004010068c      0x516 /opt/esp-alt-sdk-v1.3.0-rtos.258-macos-x86_64/sdk/lib/libmain.a(printf-stdarg.o)
                                        0x536 (size before relaxing)
                0x000000004010068c                putchar
                0x0000000040100844                print
                0x0000000040100ab8                printf
                0x0000000040100ab8                ets_printf
                0x0000000040100b8c                puts
 *fill*         0x0000000040100ba2        0x2 
 .text          0x0000000040100ba4      0x3f8 /opt/esp-alt-sdk-v1.3.0-rtos.258-macos-x86_64/sdk/lib/libmain.a(spi_flash.o)
                                        0x4e4 (size before relaxing)
                0x0000000040100ba8                SPIWrite
                0x0000000040100c84                SPIRead
                0x0000000040100cb4                SPIEraseSector
                0x0000000040100cfc                Cache_Read_Disable_2
                0x0000000040100d3c                Cache_Read_Enable_2
                0x0000000040100d78                spi_flash_get_id
                0x0000000040100de8                spi_flash_read_status
                0x0000000040100e28                spi_flash_write_status
                0x0000000040100ea8                spi_flash_erase_sector
                0x0000000040100eec                spi_flash_write
                0x0000000040100f54                spi_flash_read
 .text          0x0000000040100f9c      0x312 /opt/esp-alt-sdk-v1.3.0-rtos.258-macos-x86_64/sdk/lib/libmain.a(user_interface.o)
                                        0x37e (size before relaxing)
                0x0000000040100fd0                system_restart_in_nmi
                0x00000000401011bc                wifi_set_user_rate_limit
                0x0000000040101200                system_rtc_mem_write
                0x0000000040101258                system_rtc_mem_read
 *fill*         0x00000000401012ae        0x2 
 .text          0x00000000401012b0      0x187 /opt/esp-alt-sdk-v1.3.0-rtos.258-macos-x86_64/sdk/lib/libmain.a(os_cpu_a.o)
                                        0x1bf (size before relaxing)
                0x00000000401012b0                vPortYield
                0x00000000401012ec                _xt_int_enter
                0x0000000040101304                _xt_int_exit
                0x000000004010132c                _xt_timer_int
                0x0000000040101360                _xt_timer_int1
                0x000000004010137c                _xt_tick_timer_init
                0x00000000401013a0                _xt_update_xt_ccompare
                0x00000000401013bc                _xt_set_xt_ccompare_val
                0x00000000401013d4                _xt_isr_unmask
                0x00000000401013f4                _xt_isr_mask
                0x0000000040101418                _xt_read_ints
                0x0000000040101428                _xt_clear_ints
 *fill*         0x0000000040101437        0x1 
 .text          0x0000000040101438      0x28b /opt/esp-alt-sdk-v1.3.0-rtos.258-macos-x86_64/sdk/lib/libfreertos.a(heap_4.o)
                                        0x2e3 (size before relaxing)
                0x0000000040101438                xPortWantedSizeAlign
                0x0000000040101454                malloc
                0x0000000040101454                pvPortMalloc
                0x0000000040101534                vPortFree
                0x0000000040101534                free
                0x00000000401015c4                calloc
                0x00000000401015c4                pvPortCalloc
                0x00000000401015ec                pvPortZalloc
                0x00000000401015ec                zalloc
                0x0000000040101600                realloc
                0x0000000040101600                pvPortRealloc
 *fill*         0x00000000401016c3        0x1 
 .text          0x00000000401016c4      0x1c9 /opt/esp-alt-sdk-v1.3.0-rtos.258-macos-x86_64/sdk/lib/libfreertos.a(port.o)
                                        0x225 (size before relaxing)
                0x00000000401016c8                PendSV
                0x000000004010171c                SoftIsrHdl
                0x000000004010175c                xPortSysTickHandle
                0x0000000040101774                vPortEnterCritical
                0x0000000040101798                vPortExitCritical
                0x00000000401017c0                PortDisableInt_NoNest
                0x00000000401017e0                PortEnableInt_NoNest
                0x0000000040101800                _xt_isr_handler
 *fill*         0x000000004010188d        0x3 
 .text          0x0000000040101890       0xc7 /opt/esp-alt-sdk-v1.3.0-rtos.258-macos-x86_64/sdk/lib/libfreertos.a(queue.o)
                                         0xd7 (size before relaxing)
                0x0000000040101890                uxQueueMessagesWaitingFromISR
 *fill*         0x0000000040101957        0x1 
 .text          0x0000000040101958      0x2a1 /opt/esp-alt-sdk-v1.3.0-rtos.258-macos-x86_64/sdk/lib/libfreertos.a(tasks.o)
                                        0x2ed (size before relaxing)
                0x0000000040101968                xTaskIncrementTick
                0x0000000040101ad8                vTaskSwitchContext
                0x0000000040101ba8                vTaskPriorityDisinherit
 *fill*         0x0000000040101bf9        0x3 
 .text          0x0000000040101bfc       0x53 /opt/esp-alt-sdk-v1.3.0-rtos.258-macos-x86_64/sdk/lib/libphy.a(phy.o)
                                         0x5f (size before relaxing)
                0x0000000040101c04                register_phy_ops
                0x0000000040101c24                register_get_phy_addr
                0x0000000040101c2c                phy_change_channel
                0x0000000040101c44                phy_get_mactime
 *fill*         0x0000000040101c4f        0x1 
 .text          0x0000000040101c50       0xaa /opt/esp-alt-sdk-v1.3.0-rtos.258-macos-x86_64/sdk/lib/libphy.a(phy_chip_v6_cal.o)
                                         0xb2 (size before relaxing)
                0x0000000040101c50                unsign_to_sign
                0x0000000040101c88                phy_get_bb_freqoffset
                0x0000000040101cec                phy_get_bb_evm
 *fill*         0x0000000040101cfa        0x2 
 .text          0x0000000040101cfc       0xf3 /opt/esp-alt-sdk-v1.3.0-rtos.258-macos-x86_64/sdk/lib/libphy.a(phy_sleep.o)
                                        0x103 (size before relaxing)
                0x0000000040101d0c                pm_rtc_clock_cali
                0x0000000040101dc4                clockgate_watchdog
 *fill*         0x0000000040101def        0x1 
 .text          0x0000000040101df0     0x1694 /opt/esp-alt-sdk-v1.3.0-rtos.258-macos-x86_64/sdk/lib/libpp.a(lmac.o)
                                       0x1a50 (size before relaxing)
                0x0000000040101df4                lmacIsActive
                0x0000000040101e08                lmacIsIdle
                0x0000000040102288                lmacSetAcParam
                0x000000004010230c                lmacProcessTXStartData
                0x00000000401024b0                lmacProcessTxSuccess
                0x00000000401025ec                GetAccess
                0x00000000401025f8                lmacDiscardAgedMSDU
                0x000000004010260c                lmacRecycleMPDU
                0x0000000040102c18                lmacProcessTxTimeout
                0x0000000040102c80                lmacProcessAllTxTimeout
                0x0000000040102c98                lmacProcessCollisions
                0x0000000040102cf8                lmacProcessCollision
                0x0000000040102d7c                lmacMSDUAged
                0x0000000040103108                lmacProcessCtsTimeout
                0x0000000040103150                lmacProcessAckTimeout
                0x00000000401031a4                lmacProcessRtsStart
                0x00000000401031b0                lmacProcessTxRtsError
                0x000000004010324c                lmacProcessTxError
                0x00000000401032d0                lmacTxFrame
                0x000000004010346c                lmacRxDone
 .text          0x0000000040103484      0xcbd /opt/esp-alt-sdk-v1.3.0-rtos.258-macos-x86_64/sdk/lib/libpp.a(pp.o)
                                        0xf51 (size before relaxing)
                0x0000000040103608                ppProcessTxQ
                0x00000000401036c8                ppFetchTxQFirstAvail
                0x000000004010372c                ppDequeueTxQ
                0x0000000040103778                ppRollBackTxQ
                0x00000000401037bc                ppRecordBarRRC
                0x00000000401037cc                ppTxqUpdateBitmap
                0x00000000401037f4                ppEnqueueTxDone
                0x0000000040103838                ppEnqueueRxq
                0x0000000040103dd4                ppDiscardMPDU
                0x0000000040103e04                MacIsrSigPostDefHdl
                0x0000000040103ee4                pp_post
                0x0000000040104010                ppCalTxop
                0x00000000401040d4                ppCalFrameTimes
 *fill*         0x0000000040104141        0x3 
 .text          0x0000000040104144       0xf5 /opt/esp-alt-sdk-v1.3.0-rtos.258-macos-x86_64/sdk/lib/libpp.a(rate_control.o)
                                        0x109 (size before relaxing)
                0x0000000040104164                RC_GetAckRate
                0x0000000040104170                RC_GetRtsRate
                0x0000000040104180                RC_GetAckTime
                0x0000000040104194                RC_GetCtsTime
                0x00000000401041cc                RC_GetBlockAckTime
 *fill*         0x0000000040104239        0x3 
 .text          0x000000004010423c      0x99d /opt/esp-alt-sdk-v1.3.0-rtos.258-macos-x86_64/sdk/lib/libpp.a(trc.o)
                                        0xa05 (size before relaxing)
                0x000000004010440c                rcUpdateTxDone
                0x00000000401044a0                rcUpdateRxDone
                0x00000000401044fc                rcUpdateDataRxDone
                0x0000000040104518                rcGetSched
                0x00000000401045fc                rcGetRate
                0x0000000040104b0c                rcReachRetryLimit
                0x0000000040104b24                trc_NeedRTS
 *fill*         0x0000000040104bd9        0x3 
 .text          0x0000000040104bdc     0x1230 /opt/esp-alt-sdk-v1.3.0-rtos.258-macos-x86_64/sdk/lib/libpp.a(wdev.o)
                                       0x158c (size before relaxing)
                0x0000000040105004                wDev_MacTimSetFunc
                0x0000000040105028                wDev_MacTimArm
                0x00000000401050b8                wDev_MacTim1Arm
                0x0000000040105178                wDev_ProcessFiq
                0x00000000401054f4                wDev_EnableTransmit
                0x000000004010552c                wDev_DisableTransmit
                0x000000004010554c                Tx_Copy2Queue
                0x0000000040105594                wDev_ProcessCollision
                0x00000000401055b8                wDev_GetTxqCollisions
                0x00000000401055c8                wDev_ClearTxqCollisions
                0x00000000401055e4                wDev_SetWaitingQueue
                0x000000004010562c                wDev_ClearWaitingQueue
                0x0000000040105650                wDev_SetFrameAckType
                0x00000000401056b8                wDev_AppendRxBlocks
                0x000000004010583c                wDev_AppendRxAmpduLensBlocks
                0x0000000040105940                wDev_GetBAInfo
 .text          0x0000000040105e0c       0x7c /opt/esp-alt-sdk-v1.3.0-rtos.258-macos-x86_64/sdk/lib/libpp.a(esf_buf.o)
                                         0xa8 (size before relaxing)
                0x0000000040105e10                esf_rx_buf_alloc
 .text          0x0000000040105e88        0xb /opt/esp-alt-sdk-v1.3.0-rtos.258-macos-x86_64/sdk/lib/libnet80211.a(wl_chm.o)
                0x0000000040105e8c                chm_get_current_channel
 *fill*         0x0000000040105e93        0x1 
 .text          0x0000000040105e94       0x17 /opt/esp-alt-sdk-v1.3.0-rtos.258-macos-x86_64/sdk/lib/libwpa.a(os_xtensa.o)
                                         0x1b (size before relaxing)
                0x0000000040105e98                os_random
                0x0000000040105e98                r_rand
 *fill*         0x0000000040105eab        0x1 
 .text          0x0000000040105eac       0x63 /opt/esp-alt-sdk-v1.3.0-rtos.258-macos-x86_64/sdk/lib/libmain.a(routines.o)
                                         0x73 (size before relaxing)
                0x0000000040105eac                __cxa_deleted_virtual
                0x0000000040105eb4                __cxa_pure_virtual
                0x0000000040105ebc                operator delete[](void*)
                0x0000000040105ed0                operator delete(void*)
                0x0000000040105ee4                operator new[](unsigned int)
                0x0000000040105ef8                operator new(unsigned int)
                0x0000000040105f0c                abort
 *fill*         0x0000000040105f0f        0x1 
 .text          0x0000000040105f10       0xf7 /Users/iklein/docker/sming-docker/workspace/SmingRTOS/sming/compiler/lib//libsming.a(HardwareSerial.o)
                                        0x103 (size before relaxing)
                0x0000000040105f28                HardwareSerial::uartReceiveInterruptHandler(void*)
 *fill*         0x0000000040106007        0x1 
 .text          0x0000000040106008      0x33a /Users/iklein/docker/sming-docker/workspace/SmingRTOS/sming/compiler/lib//libsming.a(Timer.o)
                                        0x35a (size before relaxing)
                0x000000004010600c                Timer::stop()
                0x0000000040106050                Timer::start(bool)
                0x00000000401060c0                Timer::processing(void*)
                0x0000000040106114                Timer::restart()
                0x0000000040106134                Timer::setCallback(void (*)())
                0x000000004010617c                Timer::setIntervalUs(unsigned long long)
                0x00000000401061f0                Timer::setIntervalMs(unsigned int)
                0x000000004010621c                Timer::initializeMs(unsigned int, void (*)())
                0x0000000040106244                Timer::initializeUs(unsigned int, void (*)())
                0x0000000040106274                Timer::setCallback(Delegate<void ()>)
                0x00000000401062a4                Timer::initializeMs(unsigned int, Delegate<void ()>)
                0x00000000401062f4                Timer::initializeUs(unsigned int, Delegate<void ()>)
 *fill*         0x0000000040106342        0x2 
 .text          0x0000000040106344      0x318 /Users/iklein/docker/sming-docker/workspace/SmingRTOS/sming/compiler/lib//libsming.a(WString.o)
                                        0x340 (size before relaxing)
                0x0000000040106348                String::compareTo(String const&) const
                0x0000000040106390                String::equals(String const&) const
                0x00000000401063b8                String::equals(char const*) const
                0x0000000040106400                String::setCharAt(unsigned int, char)
                0x0000000040106414                String::operator[](unsigned int) const
                0x000000004010642c                String::charAt(unsigned int) const
                0x0000000040106440                String::operator[](unsigned int)
                0x0000000040106458                String::invalidate()
                0x0000000040106480                String::changeBuffer(unsigned int)
                0x00000000401064b8                String::concat(char const*, unsigned int)
                0x0000000040106514                String::operator=(String const&)
                0x0000000040106544                String::String(String const&)
                0x0000000040106544                String::String(String const&)
                0x0000000040106560                String::operator=(char const*)
                0x0000000040106594                String::String(char const*)
                0x0000000040106594                String::String(char const*)
                0x00000000401065cc                String::String(char const*, unsigned int)
                0x00000000401065cc                String::String(char const*, unsigned int)
                0x00000000401065f0                String::String(String&&)
                0x00000000401065f0                String::String(String&&)
                0x000000004010660c                String::String(StringSumHelper&&)
                0x000000004010660c                String::String(StringSumHelper&&)
                0x000000004010662c                String::indexOf(char) const
                0x0000000040106648                String::indexOf(String const&) const
 .text          0x000000004010665c      0x133 /Users/iklein/docker/sming-docker/workspace/SmingRTOS/sming/compiler/lib//libsming.a(Digital.o)
                                        0x137 (size before relaxing)
                0x0000000040106664                digitalRead(unsigned short)
                0x0000000040106690                pullup(unsigned short)
                0x00000000401066b8                noPullup(unsigned short)
                0x00000000401066e8                isInputPin(unsigned short)
                0x0000000040106720                digitalWrite(unsigned short, unsigned char)
 *fill*         0x000000004010678f        0x1 
 .literal       0x0000000040106790        0x4 /opt/esp-alt-sdk-v1.3.0-rtos.258-macos-x86_64/sdk/lib/libgcc.a(_mulsf3.o)
                                         0x10 (size before relaxing)
 .literal       0x0000000040106794        0x0 /opt/esp-alt-sdk-v1.3.0-rtos.258-macos-x86_64/sdk/lib/libgcc.a(_divsf3.o)
                                         0x10 (size before relaxing)
 .literal       0x0000000040106794        0x0 /opt/esp-alt-sdk-v1.3.0-rtos.258-macos-x86_64/sdk/lib/libgcc.a(_fixsfsi.o)
                                          0x4 (size before relaxing)
 .literal       0x0000000040106794        0x4 /opt/esp-alt-sdk-v1.3.0-rtos.258-macos-x86_64/sdk/lib/libgcc.a(_cmpdf2.o)
                                         0x18 (size before relaxing)
 .text          0x0000000040106798      0x15d /opt/esp-alt-sdk-v1.3.0-rtos.258-macos-x86_64/sdk/lib/libgcc.a(_mulsf3.o)
                0x0000000040106810                __mulsf3
 *fill*         0x00000000401068f5        0x3 
 .text          0x00000000401068f8      0x135 /opt/esp-alt-sdk-v1.3.0-rtos.258-macos-x86_64/sdk/lib/libgcc.a(_divsf3.o)
                0x0000000040106974                __divsf3
 *fill*         0x0000000040106a2d        0x3 
 .text          0x0000000040106a30       0x40 /opt/esp-alt-sdk-v1.3.0-rtos.258-macos-x86_64/sdk/lib/libgcc.a(_fixsfsi.o)
                0x0000000040106a30                __fixsfsi
 .text          0x0000000040106a70      0x169 /opt/esp-alt-sdk-v1.3.0-rtos.258-macos-x86_64/sdk/lib/libgcc.a(_cmpdf2.o)
                0x0000000040106a70                __eqdf2
                0x0000000040106a70                __nedf2
                0x0000000040106aa0                __gtdf2
                0x0000000040106ac4                __ledf2
                0x0000000040106b28                __gedf2
                0x0000000040106b4c                __ltdf2
                0x0000000040106bb0                __unorddf2
 *fill*         0x0000000040106bd9        0x0 
 *fill*         0x0000000040106bd9        0x0 
 *fill*         0x0000000040106bd9        0x0 
 *fill*         0x0000000040106bd9        0x0 
 *fill*         0x0000000040106bd9        0x3 
 .text          0x0000000040106bdc       0x3d /opt/esp-alt-sdk-v1.3.0-rtos.258-macos-x86_64/sdk/lib/libmain.a(xtensa_context.o)
                0x0000000040106bdc                _xt_context_save
                0x0000000040106bf8                _xt_context_restore
 *fill*         0x0000000040106c19        0x0 
 *fill*         0x0000000040106c19        0x0 
 *fill*         0x0000000040106c19        0x0 
 *fill*         0x0000000040106c19        0x0 
 *fill*         0x0000000040106c19        0x3 
 .text          0x0000000040106c1c       0x37 /opt/esp-alt-sdk-v1.3.0-rtos.258-macos-x86_64/sdk/lib/libfreertos.a(list.o)
                0x0000000040106c1c                vListInsertEnd
                0x0000000040106c34                uxListRemove
 *fill*         0x0000000040106c53        0x1 
 .text          0x0000000040106c54       0x49 /opt/esp-alt-sdk-v1.3.0-rtos.258-macos-x86_64/sdk/lib/libgcc.a(_modsi3.o)
                0x0000000040106c54                __modsi3
 *fill*         0x0000000040106c9d        0x3 
 .text          0x0000000040106ca0       0x20 /opt/esp-alt-sdk-v1.3.0-rtos.258-macos-x86_64/xtensa-lx106-elf/bin/../lib/gcc/xtensa-lx106-elf/5.1.0/../../../../xtensa-lx106-elf/lib/libhal.a(clock.o)
                0x0000000040106ca0                xthal_get_ccount
                0x0000000040106ca8                xthal_set_ccompare
                0x0000000040106cb4                xthal_get_ccompare
 .text          0x0000000040106cc0        0x5 /opt/esp-alt-sdk-v1.3.0-rtos.258-macos-x86_64/xtensa-lx106-elf/bin/../lib/gcc/xtensa-lx106-elf/5.1.0/../../../../xtensa-lx106-elf/lib/libhal.a(int_asm--set_intset.o)
                0x0000000040106cc0                xthal_set_intset
 *fill*         0x0000000040106cc5        0x0 
 *fill*         0x0000000040106cc5        0x0 
 *fill*         0x0000000040106cc5        0x0 
 *fill*         0x0000000040106cc5        0x0 
 *fill*         0x0000000040106cc5        0x0 
 *fill*         0x0000000040106cc5        0x0 
 *fill*         0x0000000040106cc5        0x3 
 .text          0x0000000040106cc8       0x25 /opt/esp-alt-sdk-v1.3.0-rtos.258-macos-x86_64/sdk/lib/libnet80211.a(ieee80211_hostap.o)
 *fill*         0x0000000040106ced        0x0 
 *fill*         0x0000000040106ced        0x0 
 *fill*         0x0000000040106ced        0x3 
 .text          0x0000000040106cf0       0x11 /opt/esp-alt-sdk-v1.3.0-rtos.258-macos-x86_64/sdk/lib/libwpa.a(wpa_auth.o)
 *fill*         0x0000000040106d01        0x0 
 *fill*         0x0000000040106d01        0x0 
 *fill*         0x0000000040106d01        0x0 
 *fill*         0x0000000040106d01        0x0 
 *fill*         0x0000000040106d01        0x3 
 .text          0x0000000040106d04       0x18 /opt/esp-alt-sdk-v1.3.0-rtos.258-macos-x86_64/sdk/lib/libgcc.a(_ashrdi3.o)
                0x0000000040106d04                __ashrdi3
 *fill*         0x0000000040106d1c        0x0 
 *fill*         0x0000000040106d1c        0x0 
 *(.fini.literal)
 *(.fini)
 *(.gnu.version)
                0x0000000040106d1c                _text_end = ABSOLUTE (.)
                0x0000000040106d1c                _etext = .

.lit4           0x0000000040106d1c        0x0
                0x0000000040106d1c                _lit4_start = ABSOLUTE (.)
 *(*.lit4)
 *(.lit4.*)
 *(.gnu.linkonce.lit4.*)
                0x0000000040106d1c                _lit4_end = ABSOLUTE (.)

.irom0.text     0x000000004020a000    0x3f57a
                0x000000004020a000                _irom0_text_start = ABSOLUTE (.)
 *(.irom0.literal .irom.literal .irom.text.literal .irom0.text .irom.text)
 .irom0.text    0x000000004020a000      0x8ae /opt/esp-alt-sdk-v1.3.0-rtos.258-macos-x86_64/sdk/lib/libmain.a(app_main.o)
                                        0xa5a (size before relaxing)
                0x000000004020a1e8                user_uart_wait_tx_fifo_empty
                0x000000004020a320                uart_rx_one_char
                0x000000004020a344                wdt_init
                0x000000004020a3e0                user_init_task
                0x000000004020a85c                vApplicationStackOverflowHook
                0x000000004020a890                vApplicationTickHook
 *fill*         0x000000004020a8ae        0x2 
 .irom0.text    0x000000004020a8b0      0x437 /opt/esp-alt-sdk-v1.3.0-rtos.258-macos-x86_64/sdk/lib/libmain.a(ets_timer.o)
                                        0x4f3 (size before relaxing)
                0x000000004020a96c                ets_timer_setfn
                0x000000004020a96c                os_timer_setfn
                0x000000004020aa00                os_timer_disarm
                0x000000004020aa00                ets_timer_disarm
                0x000000004020aa5c                ets_timer_arm_ms_us
                0x000000004020aadc                ets_timer_arm_us
                0x000000004020aadc                os_timer_arm_us
                0x000000004020aaf0                os_timer_arm
                0x000000004020aaf0                ets_timer_arm
                0x000000004020ab04                ets_timer_done
                0x000000004020ab34                ets_timer_handler_isr
                0x000000004020ac60                ets_timer_init
 *fill*         0x000000004020ace7        0x1 
 .irom0.text    0x000000004020ace8       0xf7 /opt/esp-alt-sdk-v1.3.0-rtos.258-macos-x86_64/sdk/lib/libmain.a(misc.o)
                                        0x10b (size before relaxing)
                0x000000004020acf0                os_delay_us
                0x000000004020acf0                ets_delay_us
                0x000000004020ad24                os_update_cpu_frequency
                0x000000004020ad24                ets_update_cpu_frequency
                0x000000004020ad2c                os_get_cpu_frequency
                0x000000004020ad38                os_install_putc1
                0x000000004020ad40                os_putc
                0x000000004020ad58                gpio_output_set
                0x000000004020ad7c                rtc_get_reset_reason
                0x000000004020adc4                bit_popcount
 *fill*         0x000000004020addf        0x1 
 .irom0.text    0x000000004020ade0       0x46 /opt/esp-alt-sdk-v1.3.0-rtos.258-macos-x86_64/sdk/lib/libmain.a(uart.o)
                                         0x4e (size before relaxing)
                0x000000004020ade0                uart_buff_switch
                0x000000004020adec                uart_div_modify
                0x000000004020ae24                Uart_Init
 *fill*         0x000000004020ae26        0x2 
 .irom0.text    0x000000004020ae28     0x30a1 /opt/esp-alt-sdk-v1.3.0-rtos.258-macos-x86_64/sdk/lib/libmain.a(user_interface.o)
                                       0x3b25 (size before relaxing)
                0x000000004020aff8                system_pp_recycle_rx_pkt
                0x000000004020b00c                system_adc_read
                0x000000004020b024                system_get_vdd33
                0x000000004020b040                system_restart
                0x000000004020b094                system_restore
                0x000000004020b0ec                system_get_flash_size_map
                0x000000004020b10c                system_get_boot_version
                0x000000004020b144                system_get_test_result
                0x000000004020b16c                system_get_userbin_addr
                0x000000004020b204                system_get_boot_mode
                0x000000004020b234                system_restart_enhance
                0x000000004020b360                system_upgrade_userbin_set
                0x000000004020b3ac                system_upgrade_userbin_check
                0x000000004020b3ec                system_upgrade_flag_set
                0x000000004020b400                system_upgrade_flag_check
                0x000000004020b428                system_upgrade_reboot
                0x000000004020b550                system_deep_sleep_instant
                0x000000004020b6e8                system_deep_sleep
                0x000000004020b73c                system_deep_sleep_set_option
                0x000000004020b758                system_phy_temperature_alert
                0x000000004020b76c                system_phy_set_max_tpw
                0x000000004020b780                system_phy_set_tpw_via_vdd33
                0x000000004020b794                system_phy_set_rfoption
                0x000000004020b7a8                system_update_cpu_freq
                0x000000004020b800                system_get_cpu_freq
                0x000000004020b81c                system_overclock
                0x000000004020b848                system_restoreclock
                0x000000004020b87c                system_get_time
                0x000000004020b890                system_relative_time
                0x000000004020b8ac                system_station_got_ip_set
                0x000000004020b9d8                system_print_meminfo
                0x000000004020ba38                system_get_free_heap_size
                0x000000004020ba50                system_get_chip_id
                0x000000004020ba74                system_rtc_clock_cali_proc
                0x000000004020ba88                system_get_rtc_time
                0x000000004020ba94                system_get_rst_info
                0x000000004020ba9c                system_get_data_of_array_8
                0x000000004020bac0                system_get_data_of_array_16
                0x000000004020baec                system_get_string_from_flash
                0x000000004020bb58                wifi_get_netif
                0x000000004020bb78                wifi_softap_dhcps_start
                0x000000004020bbd4                wifi_softap_dhcps_stop
                0x000000004020bc28                wifi_softap_dhcps_status
                0x000000004020bc30                wifi_station_dhcpc_start
                0x000000004020bca0                wifi_station_dhcpc_stop
                0x000000004020bcf8                wifi_station_dhcpc_event
                0x000000004020bd58                wifi_station_dhcpc_set_maxtry
                0x000000004020bd68                wifi_station_dhcpc_status
                0x000000004020bde0                wifi_get_opmode
                0x000000004020bdf4                wifi_get_opmode_default
                0x000000004020bf28                wifi_set_opmode
                0x000000004020bf3c                wifi_set_opmode_current
                0x000000004020bf50                system_get_checksum
                0x000000004020bf90                wifi_param_save_protect_with_check
                0x000000004020c014                system_param_save_with_protect
                0x000000004020c0b0                system_save_sys_param
                0x000000004020c0d8                system_param_load
                0x000000004020c208                wifi_station_get_config
                0x000000004020c21c                wifi_station_get_config_default
                0x000000004020c23c                wifi_station_get_ap_info
                0x000000004020c304                wifi_station_ap_number_set
                0x000000004020c614                wifi_station_set_config
                0x000000004020c628                wifi_station_set_config_current
                0x000000004020c63c                wifi_station_get_current_ap_id
                0x000000004020c650                wifi_station_ap_check
                0x000000004020c688                wifi_station_ap_change
                0x000000004020c7b0                wifi_station_scan
                0x000000004020c810                wifi_station_get_auto_connect
                0x000000004020c824                wifi_station_set_auto_connect
                0x000000004020c874                wifi_station_connect
                0x000000004020c920                wifi_station_disconnect
                0x000000004020ca04                wifi_station_get_connect_status
                0x000000004020ca34                wifi_station_set_reconnect_policy
                0x000000004020ca40                wifi_station_get_reconnect_policy
                0x000000004020ca48                wifi_station_get_rssi
                0x000000004020ca8c                wifi_softap_cacl_mac
                0x000000004020cb00                wifi_softap_set_default_ssid
                0x000000004020cce0                wifi_softap_get_config
                0x000000004020ccf4                wifi_softap_get_config_default
                0x000000004020cf80                wifi_softap_set_config
                0x000000004020cf94                wifi_softap_set_config_current
                0x000000004020cfa8                wifi_softap_set_station_info
                0x000000004020d01c                wifi_softap_get_station_info
                0x000000004020d0e0                wifi_softap_free_station_info
                0x000000004020d130                wifi_softap_get_station_num
                0x000000004020d184                wifi_softap_deauth
                0x000000004020d250                wifi_register_user_ie_manufacturer_recv_cb
                0x000000004020d264                wifi_unregister_user_ie_manufacturer_recv_cb
                0x000000004020d288                wifi_set_user_ie
                0x000000004020d388                wifi_get_user_ie
                0x000000004020d3bc                wifi_get_phy_mode
                0x000000004020d3c4                wifi_set_phy_mode
                0x000000004020d498                wifi_set_sleep_type
                0x000000004020d4b4                wifi_get_sleep_type
                0x000000004020d4cc                wifi_get_channel
                0x000000004020d500                wifi_set_channel
                0x000000004020d584                wifi_promiscuous_set_mac
                0x000000004020d5f4                wifi_promiscuous_enable
                0x000000004020d6ec                wifi_set_promiscuous_rx_cb
                0x000000004020d6fc                wifi_get_ip_info
                0x000000004020d78c                wifi_set_ip_info
                0x000000004020d820                wifi_create_linklocal_ip
                0x000000004020d850                wifi_get_linklocal_ip
                0x000000004020d884                wifi_get_ipinfo_v6
                0x000000004020d8c0                wifi_get_macaddr
                0x000000004020d92c                wifi_set_macaddr
                0x000000004020da5c                wifi_enable_6m_rate
                0x000000004020da80                wifi_get_user_fixed_rate
                0x000000004020dac0                wifi_set_user_fixed_rate
                0x000000004020db00                wifi_set_user_sup_rate
                0x000000004020db4c                wifi_get_user_limit_rate_mask
                0x000000004020db70                wifi_set_user_limit_rate_mask
                0x000000004020dba4                wifi_register_send_pkt_freedom_cb
                0x000000004020dbd4                wifi_unregister_send_pkt_freedom_cb
                0x000000004020dbf4                wifi_send_pkt_freedom
                0x000000004020dc54                wifi_rfid_locp_recv_open
                0x000000004020dc78                wifi_rfid_locp_recv_close
                0x000000004020dc98                wifi_register_rfid_locp_recv_cb
                0x000000004020dcc0                wifi_unregister_rfid_locp_recv_cb
                0x000000004020dce0                wifi_status_led_install
                0x000000004020dd38                wifi_status_led_uninstall
                0x000000004020dd6c                wifi_set_status_led_output_level
                0x000000004020ddbc                wifi_set_event_handler_cb
                0x000000004020de2c                system_uart_swap
                0x000000004020de8c                system_uart_de_swap
                0x000000004020dec4                system_get_sdk_version
 *fill*         0x000000004020dec9        0x3 
 .irom0.text    0x000000004020decc        0xe /opt/esp-alt-sdk-v1.3.0-rtos.258-macos-x86_64/sdk/lib/libfreertos.a(heap_4.o)
                0x000000004020ded0                xPortGetFreeHeapSize
                0x000000004020ded8                vPortInitialiseBlocks
 *fill*         0x000000004020deda        0x2 
 .irom0.text    0x000000004020dedc       0x9c /opt/esp-alt-sdk-v1.3.0-rtos.258-macos-x86_64/sdk/lib/libfreertos.a(port.o)
                                         0xa8 (size before relaxing)
                0x000000004020dee0                pxPortInitialiseStack
                0x000000004020df20                xPortStartScheduler
                0x000000004020df5c                vPortEndScheduler
                0x000000004020df60                ResetCcountVal
                0x000000004020df6c                _xt_isr_attach
 .irom0.text    0x000000004020df78      0x757 /opt/esp-alt-sdk-v1.3.0-rtos.258-macos-x86_64/sdk/lib/libfreertos.a(queue.o)
                                        0x8a7 (size before relaxing)
                0x000000004020df78                xQueueGenericReset
                0x000000004020e008                xQueueGenericCreate
                0x000000004020e068                xQueueCreateMutex
                0x000000004020e0c4                xQueueGiveMutexRecursive
                0x000000004020e0fc                xQueueTakeMutexRecursive
                0x000000004020e13c                xQueueCreateCountingSemaphore
                0x000000004020e160                xQueueGenericSend
                0x000000004020e270                xQueueGenericSendFromISR
                0x000000004020e2e4                xQueueGenericReceive
                0x000000004020e448                xQueueReceiveFromISR
                0x000000004020e4b8                xQueuePeekFromISR
                0x000000004020e4e8                uxQueueMessagesWaiting
                0x000000004020e510                vQueueDelete
                0x000000004020e620                xQueueIsQueueEmptyFromISR
                0x000000004020e664                xQueueIsQueueFullFromISR
                0x000000004020e678                vQueueWaitForMessageRestricted
 *fill*         0x000000004020e6cf        0x1 
 .irom0.text    0x000000004020e6d0      0xbe6 /opt/esp-alt-sdk-v1.3.0-rtos.258-macos-x86_64/sdk/lib/libfreertos.a(tasks.o)
                                        0xe3e (size before relaxing)
                0x000000004020e6dc                xTaskGenericCreate
                0x000000004020e7e4                vTaskDelete
                0x000000004020e85c                vTaskDelayUntil
                0x000000004020e8c8                vTaskDelay
                0x000000004020e910                uxTaskPriorityGet
                0x000000004020e93c                vTaskPrioritySet
                0x000000004020ea10                vTaskSuspend
                0x000000004020ea94                xTaskIsTaskSuspended
                0x000000004020eab8                vTaskResume
                0x000000004020eb38                xTaskResumeFromISR
                0x000000004020ebc8                vTaskStartScheduler
                0x000000004020ec28                vTaskEndScheduler
                0x000000004020ec4c                vTaskSuspendAll
                0x000000004020ec64                prvGetExpectedIdleTime
                0x000000004020ec94                xTaskResumeAll
                0x000000004020ed90                xTaskGetTickCount
                0x000000004020edb4                xTaskGetTickCountFromISR
                0x000000004020edc0                uxTaskGetNumberOfTasks
                0x000000004020edcc                xTaskGetIdleTaskHandle